../Core/Src/main.c:82:5:main	8	static
../Core/Src/main.c:167:6:SystemClock_Config	88	static
../Core/Src/main.c:213:13:MX_I2C1_Init	8	static
../Core/Src/main.c:247:13:MX_I2S3_Init	8	static
../Core/Src/main.c:281:13:MX_SPI1_Init	8	static
../Core/Src/main.c:319:13:MX_TIM1_Init	96	static
../Core/Src/main.c:404:13:MX_TIM2_Init	80	static
../Core/Src/main.c:480:13:MX_TIM3_Init	80	static
../Core/Src/main.c:546:13:MX_GPIO_Init	56	static
../Core/Src/main.c:645:6:Error_Handler	4	static,ignoring_inline_asm
