../Core/Src/main.c:68:6:HAL_TIM_IC_CaptureCallback	16	static
../Core/Src/main.c:77:6:HAL_TIM_PWM_PulseFinishedCallback	16	static
../Core/Src/main.c:85:6:HAL_TIM_OC_DelayElapsedCallback	16	static
../Core/Src/main.c:92:6:HAL_TIM_TriggerCallback	16	static
../Core/Src/main.c:101:5:main	8	static
../Core/Src/main.c:169:6:SystemClock_Config	88	static
../Core/Src/main.c:213:13:MX_TIM1_Init	56	static
../Core/Src/main.c:261:13:MX_TIM2_Init	64	static
../Core/Src/main.c:324:13:MX_TIM3_Init	80	static
../Core/Src/main.c:398:13:MX_TIM4_Init	80	static
../Core/Src/main.c:459:13:MX_GPIO_Init	56	static
../Core/Src/main.c:518:6:Error_Handler	4	static,ignoring_inline_asm
