../Core/Src/main.c:104:6:HAL_UART_RxCpltCallback	16	static
../Core/Src/main.c:110:6:updateVal	32	static
../Core/Src/main.c:121:10:averageVal	24	static
../Core/Src/main.c:129:6:HAL_ADC_ConvCpltCallback	32	static
../Core/Src/main.c:149:5:main	16	static
../Core/Src/main.c:279:6:SystemClock_Config	88	static
../Core/Src/main.c:323:13:MX_ADC1_Init	24	static
../Core/Src/main.c:395:13:MX_TIM1_Init	40	static
../Core/Src/main.c:439:13:MX_TIM2_Init	40	static
../Core/Src/main.c:481:13:MX_USART2_UART_Init	8	static
../Core/Src/main.c:526:13:MX_USART3_UART_Init	8	static
../Core/Src/main.c:558:13:MX_DMA_Init	16	static
../Core/Src/main.c:581:13:MX_GPIO_Init	56	static
../Core/Src/main.c:627:6:Error_Handler	8	static,ignoring_inline_asm
