../Core/Src/stm32g0xx_it.c:76:6:NMI_Handler	8	static
../Core/Src/stm32g0xx_it.c:91:6:HardFault_Handler	8	static
../Core/Src/stm32g0xx_it.c:106:6:SVC_Handler	8	static
../Core/Src/stm32g0xx_it.c:119:6:PendSV_Handler	8	static
../Core/Src/stm32g0xx_it.c:132:6:SysTick_Handler	8	static
../Core/Src/stm32g0xx_it.c:153:6:DMA1_Channel1_IRQHandler	8	static
../Core/Src/stm32g0xx_it.c:167:6:DMA1_Channel2_3_IRQHandler	8	static
../Core/Src/stm32g0xx_it.c:181:6:DMA1_Ch4_7_DMAMUX1_OVR_IRQHandler	8	static
../Core/Src/stm32g0xx_it.c:197:6:ADC1_COMP_IRQHandler	8	static
../Core/Src/stm32g0xx_it.c:211:6:TIM1_BRK_UP_TRG_COM_IRQHandler	8	static
../Core/Src/stm32g0xx_it.c:225:6:TIM2_IRQHandler	8	static
../Core/Src/stm32g0xx_it.c:239:6:USART3_4_LPUART1_IRQHandler	8	static
