../Core/Src/main.c:102:6:HAL_UART_RxCpltCallback	16	static
../Core/Src/main.c:108:6:updateVal	24	static
../Core/Src/main.c:116:5:averageVal	24	static
../Core/Src/main.c:127:6:HAL_ADC_ConvCpltCallback	16	static
../Core/Src/main.c:138:5:main	16	static
../Core/Src/main.c:271:6:SystemClock_Config	88	static
../Core/Src/main.c:318:13:MX_ADC1_Init	24	static
../Core/Src/main.c:395:13:MX_TIM1_Init	40	static
../Core/Src/main.c:442:13:MX_TIM2_Init	40	static
../Core/Src/main.c:487:13:MX_USART2_UART_Init	8	static
../Core/Src/main.c:535:13:MX_USART3_UART_Init	8	static
../Core/Src/main.c:569:13:MX_DMA_Init	16	static
../Core/Src/main.c:593:13:MX_GPIO_Init	56	static
../Core/Src/main.c:637:6:Error_Handler	8	static,ignoring_inline_asm
