../Core/Src/main.c:66:6:HAL_TIM_IC_CaptureCallback	16	static
../Core/Src/main.c:75:6:HAL_TIM_PWM_PulseFinishedCallback	16	static
../Core/Src/main.c:83:6:HAL_TIM_OC_DelayElapsedCallback	16	static
../Core/Src/main.c:90:6:HAL_TIM_TriggerCallback	16	static
../Core/Src/main.c:100:5:main	8	static
../Core/Src/main.c:169:6:SystemClock_Config	88	static
../Core/Src/main.c:216:13:MX_TIM1_Init	56	static
../Core/Src/main.c:266:13:MX_TIM2_Init	64	static
../Core/Src/main.c:335:13:MX_TIM3_Init	64	static
../Core/Src/main.c:405:13:MX_TIM4_Init	64	static
../Core/Src/main.c:465:13:MX_GPIO_Init	56	static
../Core/Src/main.c:523:6:Error_Handler	4	static,ignoring_inline_asm
