../Core/Src/main.c:78:6:HAL_UART_RxCpltCallback	16	static
../Core/Src/main.c:89:5:main	16	static
../Core/Src/main.c:157:6:SystemClock_Config	88	static
../Core/Src/main.c:198:13:MX_ADC1_Init	24	static
../Core/Src/main.c:256:13:MX_TIM2_Init	40	static
../Core/Src/main.c:301:13:MX_USART2_UART_Init	8	static
../Core/Src/main.c:349:13:MX_USART3_UART_Init	8	static
../Core/Src/main.c:383:13:MX_DMA_Init	16	static
../Core/Src/main.c:404:13:MX_GPIO_Init	48	static
../Core/Src/main.c:437:6:Error_Handler	8	static,ignoring_inline_asm
