../Core/Src/main.c:70:6:HAL_ADC_ConvCpltCallback	16	static
../Core/Src/main.c:76:6:updateVal	24	static
../Core/Src/main.c:82:5:averageVal	24	static
../Core/Src/main.c:101:5:main	8	static
../Core/Src/main.c:153:6:SystemClock_Config	88	static
../Core/Src/main.c:194:13:MX_ADC1_Init	24	static
../Core/Src/main.c:252:13:MX_TIM2_Init	40	static
../Core/Src/main.c:297:13:MX_USART2_UART_Init	8	static
../Core/Src/main.c:345:13:MX_GPIO_Init	48	static
../Core/Src/main.c:378:6:Error_Handler	8	static,ignoring_inline_asm
