18:32:08 **** Incremental Build of configuration Debug for project Encoder_F4 ****
make -j12 all 
arm-none-eabi-gcc "../Core/Src/main.c" -mcpu=cortex-m4 -std=gnu11 -g3 -DDEBUG -DUSE_HAL_DRIVER -DSTM32F407xx -c -I../Core/Inc -I../Drivers/STM32F4xx_HAL_Driver/Inc -I../Drivers/STM32F4xx_HAL_Driver/Inc/Legacy -I../Drivers/CMSIS/Device/ST/STM32F4xx/Include -I../Drivers/CMSIS/Include -O0 -ffunction-sections -fdata-sections -Wall -fstack-usage -fcyclomatic-complexity -MMD -MP -MF"Core/Src/main.d" -MT"Core/Src/main.o" --specs=nano.specs -mfpu=fpv4-sp-d16 -mfloat-abi=hard -mthumb -o "Core/Src/main.o"
arm-none-eabi-gcc -o "Encoder_F4.elf" @"objects.list"   -mcpu=cortex-m4 -T"C:\Users\MrDhrumil\Desktop\DIC\Embe Dic Intern\Testing Code\Encoder_F4\STM32F407VGTX_FLASH.ld" --specs=nosys.specs -Wl,-Map="Encoder_F4.map" -Wl,--gc-sections -static --specs=nano.specs -mfpu=fpv4-sp-d16 -mfloat-abi=hard -mthumb -Wl,--start-group -lc -lm -Wl,--end-group
Finished building target: Encoder_F4.elf
 
arm-none-eabi-size   Encoder_F4.elf 
arm-none-eabi-objdump -h -S  Encoder_F4.elf  > "Encoder_F4.list"
   text	   data	    bss	    dec	    hex	filename
  14588	     20	   1892	  16500	   4074	Encoder_F4.elf
Finished building: default.size.stdout
 
Finished building: Encoder_F4.list
 

18:32:10 Build Finished. 0 errors, 0 warnings. (took 1s.907ms)

