20:07:15 **** Build of configuration Debug for project Encoder_F4 ****
make -j12 all 
arm-none-eabi-size   Encoder_F4.elf 
   text	   data	    bss	    dec	    hex	filename
  12236	     20	   1796	  14052	   36e4	Encoder_F4.elf
Finished building: default.size.stdout
 
20:13:52 **** Incremental Build of configuration Debug for project Encoder_F4 ****
make -j12 all 
arm-none-eabi-gcc "../Core/Src/main.c" -mcpu=cortex-m4 -std=gnu11 -g3 -DDEBUG -DUSE_HAL_DRIVER -DSTM32F407xx -c -I../Core/Inc -I../Drivers/STM32F4xx_HAL_Driver/Inc -I../Drivers/STM32F4xx_HAL_Driver/Inc/Legacy -I../Drivers/CMSIS/Device/ST/STM32F4xx/Include -I../Drivers/CMSIS/Include -O0 -ffunction-sections -fdata-sections -Wall -fstack-usage -fcyclomatic-complexity -MMD -MP -MF"Core/Src/main.d" -MT"Core/Src/main.o" --specs=nano.specs -mfpu=fpv4-sp-d16 -mfloat-abi=hard -mthumb -o "Core/Src/main.o"
arm-none-eabi-gcc -o "Encoder_F4.elf" @"objects.list"   -mcpu=cortex-m4 -T"C:\Users\MrDhrumil\Desktop\DIC\Embe Dic Intern\Encoder_F4\STM32F407VGTX_FLASH.ld" --specs=nosys.specs -Wl,-Map="Encoder_F4.map" -Wl,--gc-sections -static --specs=nano.specs -mfpu=fpv4-sp-d16 -mfloat-abi=hard -mthumb -Wl,--start-group -lc -lm -Wl,--end-group
Finished building target: Encoder_F4.elf
 
arm-none-eabi-size   Encoder_F4.elf 
arm-none-eabi-objdump -h -S  Encoder_F4.elf  > "Encoder_F4.list"
   text	   data	    bss	    dec	    hex	filename
  12852	     20	   1868	  14740	   3994	Encoder_F4.elf
Finished building: default.size.stdout
 
Finished building: Encoder_F4.list
 
20:13:58 **** Incremental Build of configuration Debug for project Encoder_F4 ****
make -j12 all 
arm-none-eabi-size   Encoder_F4.elf 
   text	   data	    bss	    dec	    hex	filename
  12852	     20	   1868	  14740	   3994	Encoder_F4.elf
Finished building: default.size.stdout
 
20:51:51 **** Clean-only build of configuration Debug for project Encoder_F4 ****
make -j12 clean 
rm -rf ./Drivers/STM32F4xx_HAL_Driver/Src/stm32f4xx_hal.cyclo ./Drivers/STM32F4xx_HAL_Driver/Src/stm32f4xx_hal.d ./Drivers/STM32F4xx_HAL_Driver/Src/stm32f4xx_hal.o ./Drivers/STM32F4xx_HAL_Driver/Src/stm32f4xx_hal.su ./Drivers/STM32F4xx_HAL_Driver/Src/stm32f4xx_hal_cortex.cyclo ./Drivers/STM32F4xx_HAL_Driver/Src/stm32f4xx_hal_cortex.d ./Drivers/STM32F4xx_HAL_Driver/Src/stm32f4xx_hal_cortex.o ./Drivers/STM32F4xx_HAL_Driver/Src/stm32f4xx_hal_cortex.su ./Drivers/STM32F4xx_HAL_Driver/Src/stm32f4xx_hal_dma.cyclo ./Drivers/STM32F4xx_HAL_Driver/Src/stm32f4xx_hal_dma.d ./Drivers/STM32F4xx_HAL_Driver/Src/stm32f4xx_hal_dma.o ./Drivers/STM32F4xx_HAL_Driver/Src/stm32f4xx_hal_dma.su ./Drivers/STM32F4xx_HAL_Driver/Src/stm32f4xx_hal_dma_ex.cyclo ./Drivers/STM32F4xx_HAL_Driver/Src/stm32f4xx_hal_dma_ex.d ./Drivers/STM32F4xx_HAL_Driver/Src/stm32f4xx_hal_dma_ex.o ./Drivers/STM32F4xx_HAL_Driver/Src/stm32f4xx_hal_dma_ex.su ./Drivers/STM32F4xx_HAL_Driver/Src/stm32f4xx_hal_exti.cyclo ./Drivers/STM32F4xx_HAL_Driver/Src/stm32f4xx_hal_exti.d ./Drivers/STM32F4xx_HAL_Driver/Src/stm32f4xx_hal_exti.o ./Drivers/STM32F4xx_HAL_Driver/Src/stm32f4xx_hal_exti.su ./Drivers/STM32F4xx_HAL_Driver/Src/stm32f4xx_hal_flash.cyclo ./Drivers/STM32F4xx_HAL_Driver/Src/stm32f4xx_hal_flash.d ./Drivers/STM32F4xx_HAL_Driver/Src/stm32f4xx_hal_flash.o ./Drivers/STM32F4xx_HAL_Driver/Src/stm32f4xx_hal_flash.su ./Drivers/STM32F4xx_HAL_Driver/Src/stm32f4xx_hal_flash_ex.cyclo ./Drivers/STM32F4xx_HAL_Driver/Src/stm32f4xx_hal_flash_ex.d ./Drivers/STM32F4xx_HAL_Driver/Src/stm32f4xx_hal_flash_ex.o ./Drivers/STM32F4xx_HAL_Driver/Src/stm32f4xx_hal_flash_ex.su ./Drivers/STM32F4xx_HAL_Driver/Src/stm32f4xx_hal_flash_ramfunc.cyclo ./Drivers/STM32F4xx_HAL_Driver/Src/stm32f4xx_hal_flash_ramfunc.d ./Drivers/STM32F4xx_HAL_Driver/Src/stm32f4xx_hal_flash_ramfunc.o ./Drivers/STM32F4xx_HAL_Driver/Src/stm32f4xx_hal_flash_ramfunc.su ./Drivers/STM32F4xx_HAL_Driver/Src/stm32f4xx_hal_gpio.cyclo ./Drivers/STM32F4xx_HAL_Driver/Src/stm32f4xx_hal_gpio.d ./Drivers/STM32F4xx_HAL_Driver/Src/stm32f4xx_hal_gpio.o ./Drivers/STM32F4xx_HAL_Driver/Src/stm32f4xx_hal_gpio.su ./Drivers/STM32F4xx_HAL_Driver/Src/stm32f4xx_hal_pwr.cyclo ./Drivers/STM32F4xx_HAL_Driver/Src/stm32f4xx_hal_pwr.d ./Drivers/STM32F4xx_HAL_Driver/Src/stm32f4xx_hal_pwr.o ./Drivers/STM32F4xx_HAL_Driver/Src/stm32f4xx_hal_pwr.su ./Drivers/STM32F4xx_HAL_Driver/Src/stm32f4xx_hal_pwr_ex.cyclo ./Drivers/STM32F4xx_HAL_Driver/Src/stm32f4xx_hal_pwr_ex.d ./Drivers/STM32F4xx_HAL_Driver/Src/stm32f4xx_hal_pwr_ex.o ./Drivers/STM32F4xx_HAL_Driver/Src/stm32f4xx_hal_pwr_ex.su ./Drivers/STM32F4xx_HAL_Driver/Src/stm32f4xx_hal_rcc.cyclo ./Drivers/STM32F4xx_HAL_Driver/Src/stm32f4xx_hal_rcc.d ./Drivers/STM32F4xx_HAL_Driver/Src/stm32f4xx_hal_rcc.o ./Drivers/STM32F4xx_HAL_Driver/Src/stm32f4xx_hal_rcc.su ./Drivers/STM32F4xx_HAL_Driver/Src/stm32f4xx_hal_rcc_ex.cyclo ./Drivers/STM32F4xx_HAL_Driver/Src/stm32f4xx_hal_rcc_ex.d ./Drivers/STM32F4xx_HAL_Driver/Src/stm32f4xx_hal_rcc_ex.o ./Drivers/STM32F4xx_HAL_Driver/Src/stm32f4xx_hal_rcc_ex.su ./Drivers/STM32F4xx_HAL_Driver/Src/stm32f4xx_hal_tim.cyclo ./Drivers/STM32F4xx_HAL_Driver/Src/stm32f4xx_hal_tim.d ./Drivers/STM32F4xx_HAL_Driver/Src/stm32f4xx_hal_tim.o ./Drivers/STM32F4xx_HAL_Driver/Src/stm32f4xx_hal_tim.su ./Drivers/STM32F4xx_HAL_Driver/Src/stm32f4xx_hal_tim_ex.cyclo ./Drivers/STM32F4xx_HAL_Driver/Src/stm32f4xx_hal_tim_ex.d ./Drivers/STM32F4xx_HAL_Driver/Src/stm32f4xx_hal_tim_ex.o ./Drivers/STM32F4xx_HAL_Driver/Src/stm32f4xx_hal_tim_ex.su
rm -rf ./Core/Startup/startup_stm32f407vgtx.d ./Core/Startup/startup_stm32f407vgtx.o
rm -rf ./Core/Src/main.cyclo ./Core/Src/main.d ./Core/Src/main.o ./Core/Src/main.su ./Core/Src/stm32f4xx_hal_msp.cyclo ./Core/Src/stm32f4xx_hal_msp.d ./Core/Src/stm32f4xx_hal_msp.o ./Core/Src/stm32f4xx_hal_msp.su ./Core/Src/stm32f4xx_it.cyclo ./Core/Src/stm32f4xx_it.d ./Core/Src/stm32f4xx_it.o ./Core/Src/stm32f4xx_it.su ./Core/Src/syscalls.cyclo ./Core/Src/syscalls.d ./Core/Src/syscalls.o ./Core/Src/syscalls.su ./Core/Src/sysmem.cyclo ./Core/Src/sysmem.d ./Core/Src/sysmem.o ./Core/Src/sysmem.su ./Core/Src/system_stm32f4xx.cyclo ./Core/Src/system_stm32f4xx.d ./Core/Src/system_stm32f4xx.o ./Core/Src/system_stm32f4xx.su
rm -rf Encoder_F4.elf Encoder_F4.list Encoder_F4.map default.size.stdout
 
20:51:52 **** Build of configuration Debug for project Encoder_F4 ****
make -j12 all 
arm-none-eabi-gcc "../Drivers/STM32F4xx_HAL_Driver/Src/stm32f4xx_hal.c" -mcpu=cortex-m4 -std=gnu11 -g3 -DDEBUG -DUSE_HAL_DRIVER -DSTM32F407xx -c -I../Core/Inc -I../Drivers/STM32F4xx_HAL_Driver/Inc -I../Drivers/STM32F4xx_HAL_Driver/Inc/Legacy -I../Drivers/CMSIS/Device/ST/STM32F4xx/Include -I../Drivers/CMSIS/Include -O0 -ffunction-sections -fdata-sections -Wall -fstack-usage -fcyclomatic-complexity -MMD -MP -MF"Drivers/STM32F4xx_HAL_Driver/Src/stm32f4xx_hal.d" -MT"Drivers/STM32F4xx_HAL_Driver/Src/stm32f4xx_hal.o" --specs=nano.specs -mfpu=fpv4-sp-d16 -mfloat-abi=hard -mthumb -o "Drivers/STM32F4xx_HAL_Driver/Src/stm32f4xx_hal.o"
arm-none-eabi-gcc "../Drivers/STM32F4xx_HAL_Driver/Src/stm32f4xx_hal_cortex.c" -mcpu=cortex-m4 -std=gnu11 -g3 -DDEBUG -DUSE_HAL_DRIVER -DSTM32F407xx -c -I../Core/Inc -I../Drivers/STM32F4xx_HAL_Driver/Inc -I../Drivers/STM32F4xx_HAL_Driver/Inc/Legacy -I../Drivers/CMSIS/Device/ST/STM32F4xx/Include -I../Drivers/CMSIS/Include -O0 -ffunction-sections -fdata-sections -Wall -fstack-usage -fcyclomatic-complexity -MMD -MP -MF"Drivers/STM32F4xx_HAL_Driver/Src/stm32f4xx_hal_cortex.d" -MT"Drivers/STM32F4xx_HAL_Driver/Src/stm32f4xx_hal_cortex.o" --specs=nano.specs -mfpu=fpv4-sp-d16 -mfloat-abi=hard -mthumb -o "Drivers/STM32F4xx_HAL_Driver/Src/stm32f4xx_hal_cortex.o"
arm-none-eabi-gcc "../Drivers/STM32F4xx_HAL_Driver/Src/stm32f4xx_hal_dma.c" -mcpu=cortex-m4 -std=gnu11 -g3 -DDEBUG -DUSE_HAL_DRIVER -DSTM32F407xx -c -I../Core/Inc -I../Drivers/STM32F4xx_HAL_Driver/Inc -I../Drivers/STM32F4xx_HAL_Driver/Inc/Legacy -I../Drivers/CMSIS/Device/ST/STM32F4xx/Include -I../Drivers/CMSIS/Include -O0 -ffunction-sections -fdata-sections -Wall -fstack-usage -fcyclomatic-complexity -MMD -MP -MF"Drivers/STM32F4xx_HAL_Driver/Src/stm32f4xx_hal_dma.d" -MT"Drivers/STM32F4xx_HAL_Driver/Src/stm32f4xx_hal_dma.o" --specs=nano.specs -mfpu=fpv4-sp-d16 -mfloat-abi=hard -mthumb -o "Drivers/STM32F4xx_HAL_Driver/Src/stm32f4xx_hal_dma.o"
arm-none-eabi-gcc "../Drivers/STM32F4xx_HAL_Driver/Src/stm32f4xx_hal_dma_ex.c" -mcpu=cortex-m4 -std=gnu11 -g3 -DDEBUG -DUSE_HAL_DRIVER -DSTM32F407xx -c -I../Core/Inc -I../Drivers/STM32F4xx_HAL_Driver/Inc -I../Drivers/STM32F4xx_HAL_Driver/Inc/Legacy -I../Drivers/CMSIS/Device/ST/STM32F4xx/Include -I../Drivers/CMSIS/Include -O0 -ffunction-sections -fdata-sections -Wall -fstack-usage -fcyclomatic-complexity -MMD -MP -MF"Drivers/STM32F4xx_HAL_Driver/Src/stm32f4xx_hal_dma_ex.d" -MT"Drivers/STM32F4xx_HAL_Driver/Src/stm32f4xx_hal_dma_ex.o" --specs=nano.specs -mfpu=fpv4-sp-d16 -mfloat-abi=hard -mthumb -o "Drivers/STM32F4xx_HAL_Driver/Src/stm32f4xx_hal_dma_ex.o"
arm-none-eabi-gcc "../Drivers/STM32F4xx_HAL_Driver/Src/stm32f4xx_hal_exti.c" -mcpu=cortex-m4 -std=gnu11 -g3 -DDEBUG -DUSE_HAL_DRIVER -DSTM32F407xx -c -I../Core/Inc -I../Drivers/STM32F4xx_HAL_Driver/Inc -I../Drivers/STM32F4xx_HAL_Driver/Inc/Legacy -I../Drivers/CMSIS/Device/ST/STM32F4xx/Include -I../Drivers/CMSIS/Include -O0 -ffunction-sections -fdata-sections -Wall -fstack-usage -fcyclomatic-complexity -MMD -MP -MF"Drivers/STM32F4xx_HAL_Driver/Src/stm32f4xx_hal_exti.d" -MT"Drivers/STM32F4xx_HAL_Driver/Src/stm32f4xx_hal_exti.o" --specs=nano.specs -mfpu=fpv4-sp-d16 -mfloat-abi=hard -mthumb -o "Drivers/STM32F4xx_HAL_Driver/Src/stm32f4xx_hal_exti.o"
arm-none-eabi-gcc "../Drivers/STM32F4xx_HAL_Driver/Src/stm32f4xx_hal_flash.c" -mcpu=cortex-m4 -std=gnu11 -g3 -DDEBUG -DUSE_HAL_DRIVER -DSTM32F407xx -c -I../Core/Inc -I../Drivers/STM32F4xx_HAL_Driver/Inc -I../Drivers/STM32F4xx_HAL_Driver/Inc/Legacy -I../Drivers/CMSIS/Device/ST/STM32F4xx/Include -I../Drivers/CMSIS/Include -O0 -ffunction-sections -fdata-sections -Wall -fstack-usage -fcyclomatic-complexity -MMD -MP -MF"Drivers/STM32F4xx_HAL_Driver/Src/stm32f4xx_hal_flash.d" -MT"Drivers/STM32F4xx_HAL_Driver/Src/stm32f4xx_hal_flash.o" --specs=nano.specs -mfpu=fpv4-sp-d16 -mfloat-abi=hard -mthumb -o "Drivers/STM32F4xx_HAL_Driver/Src/stm32f4xx_hal_flash.o"
arm-none-eabi-gcc "../Drivers/STM32F4xx_HAL_Driver/Src/stm32f4xx_hal_flash_ex.c" -mcpu=cortex-m4 -std=gnu11 -g3 -DDEBUG -DUSE_HAL_DRIVER -DSTM32F407xx -c -I../Core/Inc -I../Drivers/STM32F4xx_HAL_Driver/Inc -I../Drivers/STM32F4xx_HAL_Driver/Inc/Legacy -I../Drivers/CMSIS/Device/ST/STM32F4xx/Include -I../Drivers/CMSIS/Include -O0 -ffunction-sections -fdata-sections -Wall -fstack-usage -fcyclomatic-complexity -MMD -MP -MF"Drivers/STM32F4xx_HAL_Driver/Src/stm32f4xx_hal_flash_ex.d" -MT"Drivers/STM32F4xx_HAL_Driver/Src/stm32f4xx_hal_flash_ex.o" --specs=nano.specs -mfpu=fpv4-sp-d16 -mfloat-abi=hard -mthumb -o "Drivers/STM32F4xx_HAL_Driver/Src/stm32f4xx_hal_flash_ex.o"
arm-none-eabi-gcc "../Drivers/STM32F4xx_HAL_Driver/Src/stm32f4xx_hal_flash_ramfunc.c" -mcpu=cortex-m4 -std=gnu11 -g3 -DDEBUG -DUSE_HAL_DRIVER -DSTM32F407xx -c -I../Core/Inc -I../Drivers/STM32F4xx_HAL_Driver/Inc -I../Drivers/STM32F4xx_HAL_Driver/Inc/Legacy -I../Drivers/CMSIS/Device/ST/STM32F4xx/Include -I../Drivers/CMSIS/Include -O0 -ffunction-sections -fdata-sections -Wall -fstack-usage -fcyclomatic-complexity -MMD -MP -MF"Drivers/STM32F4xx_HAL_Driver/Src/stm32f4xx_hal_flash_ramfunc.d" -MT"Drivers/STM32F4xx_HAL_Driver/Src/stm32f4xx_hal_flash_ramfunc.o" --specs=nano.specs -mfpu=fpv4-sp-d16 -mfloat-abi=hard -mthumb -o "Drivers/STM32F4xx_HAL_Driver/Src/stm32f4xx_hal_flash_ramfunc.o"
arm-none-eabi-gcc "../Drivers/STM32F4xx_HAL_Driver/Src/stm32f4xx_hal_gpio.c" -mcpu=cortex-m4 -std=gnu11 -g3 -DDEBUG -DUSE_HAL_DRIVER -DSTM32F407xx -c -I../Core/Inc -I../Drivers/STM32F4xx_HAL_Driver/Inc -I../Drivers/STM32F4xx_HAL_Driver/Inc/Legacy -I../Drivers/CMSIS/Device/ST/STM32F4xx/Include -I../Drivers/CMSIS/Include -O0 -ffunction-sections -fdata-sections -Wall -fstack-usage -fcyclomatic-complexity -MMD -MP -MF"Drivers/STM32F4xx_HAL_Driver/Src/stm32f4xx_hal_gpio.d" -MT"Drivers/STM32F4xx_HAL_Driver/Src/stm32f4xx_hal_gpio.o" --specs=nano.specs -mfpu=fpv4-sp-d16 -mfloat-abi=hard -mthumb -o "Drivers/STM32F4xx_HAL_Driver/Src/stm32f4xx_hal_gpio.o"
arm-none-eabi-gcc "../Drivers/STM32F4xx_HAL_Driver/Src/stm32f4xx_hal_pwr.c" -mcpu=cortex-m4 -std=gnu11 -g3 -DDEBUG -DUSE_HAL_DRIVER -DSTM32F407xx -c -I../Core/Inc -I../Drivers/STM32F4xx_HAL_Driver/Inc -I../Drivers/STM32F4xx_HAL_Driver/Inc/Legacy -I../Drivers/CMSIS/Device/ST/STM32F4xx/Include -I../Drivers/CMSIS/Include -O0 -ffunction-sections -fdata-sections -Wall -fstack-usage -fcyclomatic-complexity -MMD -MP -MF"Drivers/STM32F4xx_HAL_Driver/Src/stm32f4xx_hal_pwr.d" -MT"Drivers/STM32F4xx_HAL_Driver/Src/stm32f4xx_hal_pwr.o" --specs=nano.specs -mfpu=fpv4-sp-d16 -mfloat-abi=hard -mthumb -o "Drivers/STM32F4xx_HAL_Driver/Src/stm32f4xx_hal_pwr.o"
arm-none-eabi-gcc "../Drivers/STM32F4xx_HAL_Driver/Src/stm32f4xx_hal_pwr_ex.c" -mcpu=cortex-m4 -std=gnu11 -g3 -DDEBUG -DUSE_HAL_DRIVER -DSTM32F407xx -c -I../Core/Inc -I../Drivers/STM32F4xx_HAL_Driver/Inc -I../Drivers/STM32F4xx_HAL_Driver/Inc/Legacy -I../Drivers/CMSIS/Device/ST/STM32F4xx/Include -I../Drivers/CMSIS/Include -O0 -ffunction-sections -fdata-sections -Wall -fstack-usage -fcyclomatic-complexity -MMD -MP -MF"Drivers/STM32F4xx_HAL_Driver/Src/stm32f4xx_hal_pwr_ex.d" -MT"Drivers/STM32F4xx_HAL_Driver/Src/stm32f4xx_hal_pwr_ex.o" --specs=nano.specs -mfpu=fpv4-sp-d16 -mfloat-abi=hard -mthumb -o "Drivers/STM32F4xx_HAL_Driver/Src/stm32f4xx_hal_pwr_ex.o"
arm-none-eabi-gcc "../Drivers/STM32F4xx_HAL_Driver/Src/stm32f4xx_hal_rcc.c" -mcpu=cortex-m4 -std=gnu11 -g3 -DDEBUG -DUSE_HAL_DRIVER -DSTM32F407xx -c -I../Core/Inc -I../Drivers/STM32F4xx_HAL_Driver/Inc -I../Drivers/STM32F4xx_HAL_Driver/Inc/Legacy -I../Drivers/CMSIS/Device/ST/STM32F4xx/Include -I../Drivers/CMSIS/Include -O0 -ffunction-sections -fdata-sections -Wall -fstack-usage -fcyclomatic-complexity -MMD -MP -MF"Drivers/STM32F4xx_HAL_Driver/Src/stm32f4xx_hal_rcc.d" -MT"Drivers/STM32F4xx_HAL_Driver/Src/stm32f4xx_hal_rcc.o" --specs=nano.specs -mfpu=fpv4-sp-d16 -mfloat-abi=hard -mthumb -o "Drivers/STM32F4xx_HAL_Driver/Src/stm32f4xx_hal_rcc.o"
arm-none-eabi-gcc "../Drivers/STM32F4xx_HAL_Driver/Src/stm32f4xx_hal_rcc_ex.c" -mcpu=cortex-m4 -std=gnu11 -g3 -DDEBUG -DUSE_HAL_DRIVER -DSTM32F407xx -c -I../Core/Inc -I../Drivers/STM32F4xx_HAL_Driver/Inc -I../Drivers/STM32F4xx_HAL_Driver/Inc/Legacy -I../Drivers/CMSIS/Device/ST/STM32F4xx/Include -I../Drivers/CMSIS/Include -O0 -ffunction-sections -fdata-sections -Wall -fstack-usage -fcyclomatic-complexity -MMD -MP -MF"Drivers/STM32F4xx_HAL_Driver/Src/stm32f4xx_hal_rcc_ex.d" -MT"Drivers/STM32F4xx_HAL_Driver/Src/stm32f4xx_hal_rcc_ex.o" --specs=nano.specs -mfpu=fpv4-sp-d16 -mfloat-abi=hard -mthumb -o "Drivers/STM32F4xx_HAL_Driver/Src/stm32f4xx_hal_rcc_ex.o"
arm-none-eabi-gcc "../Drivers/STM32F4xx_HAL_Driver/Src/stm32f4xx_hal_tim.c" -mcpu=cortex-m4 -std=gnu11 -g3 -DDEBUG -DUSE_HAL_DRIVER -DSTM32F407xx -c -I../Core/Inc -I../Drivers/STM32F4xx_HAL_Driver/Inc -I../Drivers/STM32F4xx_HAL_Driver/Inc/Legacy -I../Drivers/CMSIS/Device/ST/STM32F4xx/Include -I../Drivers/CMSIS/Include -O0 -ffunction-sections -fdata-sections -Wall -fstack-usage -fcyclomatic-complexity -MMD -MP -MF"Drivers/STM32F4xx_HAL_Driver/Src/stm32f4xx_hal_tim.d" -MT"Drivers/STM32F4xx_HAL_Driver/Src/stm32f4xx_hal_tim.o" --specs=nano.specs -mfpu=fpv4-sp-d16 -mfloat-abi=hard -mthumb -o "Drivers/STM32F4xx_HAL_Driver/Src/stm32f4xx_hal_tim.o"
arm-none-eabi-gcc "../Drivers/STM32F4xx_HAL_Driver/Src/stm32f4xx_hal_tim_ex.c" -mcpu=cortex-m4 -std=gnu11 -g3 -DDEBUG -DUSE_HAL_DRIVER -DSTM32F407xx -c -I../Core/Inc -I../Drivers/STM32F4xx_HAL_Driver/Inc -I../Drivers/STM32F4xx_HAL_Driver/Inc/Legacy -I../Drivers/CMSIS/Device/ST/STM32F4xx/Include -I../Drivers/CMSIS/Include -O0 -ffunction-sections -fdata-sections -Wall -fstack-usage -fcyclomatic-complexity -MMD -MP -MF"Drivers/STM32F4xx_HAL_Driver/Src/stm32f4xx_hal_tim_ex.d" -MT"Drivers/STM32F4xx_HAL_Driver/Src/stm32f4xx_hal_tim_ex.o" --specs=nano.specs -mfpu=fpv4-sp-d16 -mfloat-abi=hard -mthumb -o "Drivers/STM32F4xx_HAL_Driver/Src/stm32f4xx_hal_tim_ex.o"
arm-none-eabi-gcc -mcpu=cortex-m4 -g3 -DDEBUG -c -x assembler-with-cpp -MMD -MP -MF"Core/Startup/startup_stm32f407vgtx.d" -MT"Core/Startup/startup_stm32f407vgtx.o" --specs=nano.specs -mfpu=fpv4-sp-d16 -mfloat-abi=hard -mthumb -o "Core/Startup/startup_stm32f407vgtx.o" "../Core/Startup/startup_stm32f407vgtx.s"
arm-none-eabi-gcc "../Core/Src/main.c" -mcpu=cortex-m4 -std=gnu11 -g3 -DDEBUG -DUSE_HAL_DRIVER -DSTM32F407xx -c -I../Core/Inc -I../Drivers/STM32F4xx_HAL_Driver/Inc -I../Drivers/STM32F4xx_HAL_Driver/Inc/Legacy -I../Drivers/CMSIS/Device/ST/STM32F4xx/Include -I../Drivers/CMSIS/Include -O0 -ffunction-sections -fdata-sections -Wall -fstack-usage -fcyclomatic-complexity -MMD -MP -MF"Core/Src/main.d" -MT"Core/Src/main.o" --specs=nano.specs -mfpu=fpv4-sp-d16 -mfloat-abi=hard -mthumb -o "Core/Src/main.o"
arm-none-eabi-gcc "../Core/Src/stm32f4xx_hal_msp.c" -mcpu=cortex-m4 -std=gnu11 -g3 -DDEBUG -DUSE_HAL_DRIVER -DSTM32F407xx -c -I../Core/Inc -I../Drivers/STM32F4xx_HAL_Driver/Inc -I../Drivers/STM32F4xx_HAL_Driver/Inc/Legacy -I../Drivers/CMSIS/Device/ST/STM32F4xx/Include -I../Drivers/CMSIS/Include -O0 -ffunction-sections -fdata-sections -Wall -fstack-usage -fcyclomatic-complexity -MMD -MP -MF"Core/Src/stm32f4xx_hal_msp.d" -MT"Core/Src/stm32f4xx_hal_msp.o" --specs=nano.specs -mfpu=fpv4-sp-d16 -mfloat-abi=hard -mthumb -o "Core/Src/stm32f4xx_hal_msp.o"
arm-none-eabi-gcc "../Core/Src/stm32f4xx_it.c" -mcpu=cortex-m4 -std=gnu11 -g3 -DDEBUG -DUSE_HAL_DRIVER -DSTM32F407xx -c -I../Core/Inc -I../Drivers/STM32F4xx_HAL_Driver/Inc -I../Drivers/STM32F4xx_HAL_Driver/Inc/Legacy -I../Drivers/CMSIS/Device/ST/STM32F4xx/Include -I../Drivers/CMSIS/Include -O0 -ffunction-sections -fdata-sections -Wall -fstack-usage -fcyclomatic-complexity -MMD -MP -MF"Core/Src/stm32f4xx_it.d" -MT"Core/Src/stm32f4xx_it.o" --specs=nano.specs -mfpu=fpv4-sp-d16 -mfloat-abi=hard -mthumb -o "Core/Src/stm32f4xx_it.o"
arm-none-eabi-gcc "../Core/Src/syscalls.c" -mcpu=cortex-m4 -std=gnu11 -g3 -DDEBUG -DUSE_HAL_DRIVER -DSTM32F407xx -c -I../Core/Inc -I../Drivers/STM32F4xx_HAL_Driver/Inc -I../Drivers/STM32F4xx_HAL_Driver/Inc/Legacy -I../Drivers/CMSIS/Device/ST/STM32F4xx/Include -I../Drivers/CMSIS/Include -O0 -ffunction-sections -fdata-sections -Wall -fstack-usage -fcyclomatic-complexity -MMD -MP -MF"Core/Src/syscalls.d" -MT"Core/Src/syscalls.o" --specs=nano.specs -mfpu=fpv4-sp-d16 -mfloat-abi=hard -mthumb -o "Core/Src/syscalls.o"
arm-none-eabi-gcc "../Core/Src/sysmem.c" -mcpu=cortex-m4 -std=gnu11 -g3 -DDEBUG -DUSE_HAL_DRIVER -DSTM32F407xx -c -I../Core/Inc -I../Drivers/STM32F4xx_HAL_Driver/Inc -I../Drivers/STM32F4xx_HAL_Driver/Inc/Legacy -I../Drivers/CMSIS/Device/ST/STM32F4xx/Include -I../Drivers/CMSIS/Include -O0 -ffunction-sections -fdata-sections -Wall -fstack-usage -fcyclomatic-complexity -MMD -MP -MF"Core/Src/sysmem.d" -MT"Core/Src/sysmem.o" --specs=nano.specs -mfpu=fpv4-sp-d16 -mfloat-abi=hard -mthumb -o "Core/Src/sysmem.o"
arm-none-eabi-gcc "../Core/Src/system_stm32f4xx.c" -mcpu=cortex-m4 -std=gnu11 -g3 -DDEBUG -DUSE_HAL_DRIVER -DSTM32F407xx -c -I../Core/Inc -I../Drivers/STM32F4xx_HAL_Driver/Inc -I../Drivers/STM32F4xx_HAL_Driver/Inc/Legacy -I../Drivers/CMSIS/Device/ST/STM32F4xx/Include -I../Drivers/CMSIS/Include -O0 -ffunction-sections -fdata-sections -Wall -fstack-usage -fcyclomatic-complexity -MMD -MP -MF"Core/Src/system_stm32f4xx.d" -MT"Core/Src/system_stm32f4xx.o" --specs=nano.specs -mfpu=fpv4-sp-d16 -mfloat-abi=hard -mthumb -o "Core/Src/system_stm32f4xx.o"
arm-none-eabi-gcc -o "Encoder_F4.elf" @"objects.list"   -mcpu=cortex-m4 -T"C:\Users\MrDhrumil\Desktop\DIC\Embe Dic Intern\Working Code\Encoder_F4\STM32F407VGTX_FLASH.ld" --specs=nosys.specs -Wl,-Map="Encoder_F4.map" -Wl,--gc-sections -static --specs=nano.specs -mfpu=fpv4-sp-d16 -mfloat-abi=hard -mthumb -Wl,--start-group -lc -lm -Wl,--end-group
Finished building target: Encoder_F4.elf
 
arm-none-eabi-size   Encoder_F4.elf 
arm-none-eabi-objdump -h -S  Encoder_F4.elf  > "Encoder_F4.list"
   text	   data	    bss	    dec	    hex	filename
  12852	     20	   1868	  14740	   3994	Encoder_F4.elf
Finished building: default.size.stdout
 
Finished building: Encoder_F4.list
 
20:57:09 **** Build of configuration Debug for project Encoder_F4 ****
make -j12 all 
arm-none-eabi-gcc -o "Encoder_F4.elf" @"objects.list"   -mcpu=cortex-m4 -T"C:\Users\MrDhrumil\Desktop\DIC\Embe Dic Intern\Testing Code\Encoder_F4\STM32F407VGTX_FLASH.ld" --specs=nosys.specs -Wl,-Map="Encoder_F4.map" -Wl,--gc-sections -static --specs=nano.specs -mfpu=fpv4-sp-d16 -mfloat-abi=hard -mthumb -Wl,--start-group -lc -lm -Wl,--end-group
Finished building target: Encoder_F4.elf
 
arm-none-eabi-size   Encoder_F4.elf 
arm-none-eabi-objdump -h -S  Encoder_F4.elf  > "Encoder_F4.list"
   text	   data	    bss	    dec	    hex	filename
  12852	     20	   1868	  14740	   3994	Encoder_F4.elf
Finished building: default.size.stdout
 
Finished building: Encoder_F4.list
 
21:08:10 **** Incremental Build of configuration Debug for project Encoder_F4 ****
make -j12 all 
arm-none-eabi-gcc "../Core/Src/main.c" -mcpu=cortex-m4 -std=gnu11 -g3 -DDEBUG -DUSE_HAL_DRIVER -DSTM32F407xx -c -I../Core/Inc -I../Drivers/STM32F4xx_HAL_Driver/Inc -I../Drivers/STM32F4xx_HAL_Driver/Inc/Legacy -I../Drivers/CMSIS/Device/ST/STM32F4xx/Include -I../Drivers/CMSIS/Include -O0 -ffunction-sections -fdata-sections -Wall -fstack-usage -fcyclomatic-complexity -MMD -MP -MF"Core/Src/main.d" -MT"Core/Src/main.o" --specs=nano.specs -mfpu=fpv4-sp-d16 -mfloat-abi=hard -mthumb -o "Core/Src/main.o"
arm-none-eabi-gcc "../Core/Src/stm32f4xx_hal_msp.c" -mcpu=cortex-m4 -std=gnu11 -g3 -DDEBUG -DUSE_HAL_DRIVER -DSTM32F407xx -c -I../Core/Inc -I../Drivers/STM32F4xx_HAL_Driver/Inc -I../Drivers/STM32F4xx_HAL_Driver/Inc/Legacy -I../Drivers/CMSIS/Device/ST/STM32F4xx/Include -I../Drivers/CMSIS/Include -O0 -ffunction-sections -fdata-sections -Wall -fstack-usage -fcyclomatic-complexity -MMD -MP -MF"Core/Src/stm32f4xx_hal_msp.d" -MT"Core/Src/stm32f4xx_hal_msp.o" --specs=nano.specs -mfpu=fpv4-sp-d16 -mfloat-abi=hard -mthumb -o "Core/Src/stm32f4xx_hal_msp.o"
arm-none-eabi-gcc "../Core/Src/stm32f4xx_it.c" -mcpu=cortex-m4 -std=gnu11 -g3 -DDEBUG -DUSE_HAL_DRIVER -DSTM32F407xx -c -I../Core/Inc -I../Drivers/STM32F4xx_HAL_Driver/Inc -I../Drivers/STM32F4xx_HAL_Driver/Inc/Legacy -I../Drivers/CMSIS/Device/ST/STM32F4xx/Include -I../Drivers/CMSIS/Include -O0 -ffunction-sections -fdata-sections -Wall -fstack-usage -fcyclomatic-complexity -MMD -MP -MF"Core/Src/stm32f4xx_it.d" -MT"Core/Src/stm32f4xx_it.o" --specs=nano.specs -mfpu=fpv4-sp-d16 -mfloat-abi=hard -mthumb -o "Core/Src/stm32f4xx_it.o"
arm-none-eabi-gcc -o "Encoder_F4.elf" @"objects.list"   -mcpu=cortex-m4 -T"C:\Users\MrDhrumil\Desktop\DIC\Embe Dic Intern\Testing Code\Encoder_F4\STM32F407VGTX_FLASH.ld" --specs=nosys.specs -Wl,-Map="Encoder_F4.map" -Wl,--gc-sections -static --specs=nano.specs -mfpu=fpv4-sp-d16 -mfloat-abi=hard -mthumb -Wl,--start-group -lc -lm -Wl,--end-group
Finished building target: Encoder_F4.elf
 
arm-none-eabi-size   Encoder_F4.elf 
arm-none-eabi-objdump -h -S  Encoder_F4.elf  > "Encoder_F4.list"
   text	   data	    bss	    dec	    hex	filename
  14472	     20	   1876	  16368	   3ff0	Encoder_F4.elf
Finished building: default.size.stdout
 
Finished building: Encoder_F4.list
 
21:08:14 **** Incremental Build of configuration Debug for project Encoder_F4 ****
make -j12 all 
arm-none-eabi-size   Encoder_F4.elf 
   text	   data	    bss	    dec	    hex	filename
  14472	     20	   1876	  16368	   3ff0	Encoder_F4.elf
Finished building: default.size.stdout
 
21:09:20 **** Incremental Build of configuration Debug for project Encoder_F4 ****
make -j12 all 
arm-none-eabi-gcc "../Core/Src/main.c" -mcpu=cortex-m4 -std=gnu11 -g3 -DDEBUG -DUSE_HAL_DRIVER -DSTM32F407xx -c -I../Core/Inc -I../Drivers/STM32F4xx_HAL_Driver/Inc -I../Drivers/STM32F4xx_HAL_Driver/Inc/Legacy -I../Drivers/CMSIS/Device/ST/STM32F4xx/Include -I../Drivers/CMSIS/Include -O0 -ffunction-sections -fdata-sections -Wall -fstack-usage -fcyclomatic-complexity -MMD -MP -MF"Core/Src/main.d" -MT"Core/Src/main.o" --specs=nano.specs -mfpu=fpv4-sp-d16 -mfloat-abi=hard -mthumb -o "Core/Src/main.o"
arm-none-eabi-gcc -o "Encoder_F4.elf" @"objects.list"   -mcpu=cortex-m4 -T"C:\Users\MrDhrumil\Desktop\DIC\Embe Dic Intern\Testing Code\Encoder_F4\STM32F407VGTX_FLASH.ld" --specs=nosys.specs -Wl,-Map="Encoder_F4.map" -Wl,--gc-sections -static --specs=nano.specs -mfpu=fpv4-sp-d16 -mfloat-abi=hard -mthumb -Wl,--start-group -lc -lm -Wl,--end-group
Finished building target: Encoder_F4.elf
 
arm-none-eabi-size   Encoder_F4.elf 
arm-none-eabi-objdump -h -S  Encoder_F4.elf  > "Encoder_F4.list"
   text	   data	    bss	    dec	    hex	filename
  14472	     20	   1876	  16368	   3ff0	Encoder_F4.elf
Finished building: default.size.stdout
 
Finished building: Encoder_F4.list
 
21:14:33 **** Incremental Build of configuration Debug for project Encoder_F4 ****
make -j12 all 
arm-none-eabi-gcc "../Core/Src/main.c" -mcpu=cortex-m4 -std=gnu11 -g3 -DDEBUG -DUSE_HAL_DRIVER -DSTM32F407xx -c -I../Core/Inc -I../Drivers/STM32F4xx_HAL_Driver/Inc -I../Drivers/STM32F4xx_HAL_Driver/Inc/Legacy -I../Drivers/CMSIS/Device/ST/STM32F4xx/Include -I../Drivers/CMSIS/Include -O0 -ffunction-sections -fdata-sections -Wall -fstack-usage -fcyclomatic-complexity -MMD -MP -MF"Core/Src/main.d" -MT"Core/Src/main.o" --specs=nano.specs -mfpu=fpv4-sp-d16 -mfloat-abi=hard -mthumb -o "Core/Src/main.o"
arm-none-eabi-gcc -o "Encoder_F4.elf" @"objects.list"   -mcpu=cortex-m4 -T"C:\Users\MrDhrumil\Desktop\DIC\Embe Dic Intern\Testing Code\Encoder_F4\STM32F407VGTX_FLASH.ld" --specs=nosys.specs -Wl,-Map="Encoder_F4.map" -Wl,--gc-sections -static --specs=nano.specs -mfpu=fpv4-sp-d16 -mfloat-abi=hard -mthumb -Wl,--start-group -lc -lm -Wl,--end-group
Finished building target: Encoder_F4.elf
 
arm-none-eabi-size   Encoder_F4.elf 
arm-none-eabi-objdump -h -S  Encoder_F4.elf  > "Encoder_F4.list"
   text	   data	    bss	    dec	    hex	filename
  14432	     20	   1876	  16328	   3fc8	Encoder_F4.elf
Finished building: default.size.stdout
 
Finished building: Encoder_F4.list
 
21:14:35 **** Incremental Build of configuration Debug for project Encoder_F4 ****
make -j12 all 
arm-none-eabi-size   Encoder_F4.elf 
   text	   data	    bss	    dec	    hex	filename
  14432	     20	   1876	  16328	   3fc8	Encoder_F4.elf
Finished building: default.size.stdout
 
21:15:47 **** Incremental Build of configuration Debug for project Encoder_F4 ****
make -j12 all 
arm-none-eabi-gcc "../Core/Src/main.c" -mcpu=cortex-m4 -std=gnu11 -g3 -DDEBUG -DUSE_HAL_DRIVER -DSTM32F407xx -c -I../Core/Inc -I../Drivers/STM32F4xx_HAL_Driver/Inc -I../Drivers/STM32F4xx_HAL_Driver/Inc/Legacy -I../Drivers/CMSIS/Device/ST/STM32F4xx/Include -I../Drivers/CMSIS/Include -O0 -ffunction-sections -fdata-sections -Wall -fstack-usage -fcyclomatic-complexity -MMD -MP -MF"Core/Src/main.d" -MT"Core/Src/main.o" --specs=nano.specs -mfpu=fpv4-sp-d16 -mfloat-abi=hard -mthumb -o "Core/Src/main.o"
arm-none-eabi-gcc -o "Encoder_F4.elf" @"objects.list"   -mcpu=cortex-m4 -T"C:\Users\MrDhrumil\Desktop\DIC\Embe Dic Intern\Testing Code\Encoder_F4\STM32F407VGTX_FLASH.ld" --specs=nosys.specs -Wl,-Map="Encoder_F4.map" -Wl,--gc-sections -static --specs=nano.specs -mfpu=fpv4-sp-d16 -mfloat-abi=hard -mthumb -Wl,--start-group -lc -lm -Wl,--end-group
Finished building target: Encoder_F4.elf
 
arm-none-eabi-size   Encoder_F4.elf 
arm-none-eabi-objdump -h -S  Encoder_F4.elf  > "Encoder_F4.list"
   text	   data	    bss	    dec	    hex	filename
  14192	     20	   1876	  16088	   3ed8	Encoder_F4.elf
Finished building: default.size.stdout
 
Finished building: Encoder_F4.list
 
21:18:20 **** Incremental Build of configuration Debug for project Encoder_F4 ****
make -j12 all 
arm-none-eabi-gcc "../Core/Src/main.c" -mcpu=cortex-m4 -std=gnu11 -g3 -DDEBUG -DUSE_HAL_DRIVER -DSTM32F407xx -c -I../Core/Inc -I../Drivers/STM32F4xx_HAL_Driver/Inc -I../Drivers/STM32F4xx_HAL_Driver/Inc/Legacy -I../Drivers/CMSIS/Device/ST/STM32F4xx/Include -I../Drivers/CMSIS/Include -O0 -ffunction-sections -fdata-sections -Wall -fstack-usage -fcyclomatic-complexity -MMD -MP -MF"Core/Src/main.d" -MT"Core/Src/main.o" --specs=nano.specs -mfpu=fpv4-sp-d16 -mfloat-abi=hard -mthumb -o "Core/Src/main.o"
arm-none-eabi-gcc -o "Encoder_F4.elf" @"objects.list"   -mcpu=cortex-m4 -T"C:\Users\MrDhrumil\Desktop\DIC\Embe Dic Intern\Testing Code\Encoder_F4\STM32F407VGTX_FLASH.ld" --specs=nosys.specs -Wl,-Map="Encoder_F4.map" -Wl,--gc-sections -static --specs=nano.specs -mfpu=fpv4-sp-d16 -mfloat-abi=hard -mthumb -Wl,--start-group -lc -lm -Wl,--end-group
Finished building target: Encoder_F4.elf
 
arm-none-eabi-size   Encoder_F4.elf 
arm-none-eabi-objdump -h -S  Encoder_F4.elf  > "Encoder_F4.list"
   text	   data	    bss	    dec	    hex	filename
  14432	     20	   1876	  16328	   3fc8	Encoder_F4.elf
Finished building: default.size.stdout
 
Finished building: Encoder_F4.list
 
21:20:55 **** Incremental Build of configuration Debug for project Encoder_F4 ****
make -j12 all 
arm-none-eabi-gcc "../Core/Src/main.c" -mcpu=cortex-m4 -std=gnu11 -g3 -DDEBUG -DUSE_HAL_DRIVER -DSTM32F407xx -c -I../Core/Inc -I../Drivers/STM32F4xx_HAL_Driver/Inc -I../Drivers/STM32F4xx_HAL_Driver/Inc/Legacy -I../Drivers/CMSIS/Device/ST/STM32F4xx/Include -I../Drivers/CMSIS/Include -O0 -ffunction-sections -fdata-sections -Wall -fstack-usage -fcyclomatic-complexity -MMD -MP -MF"Core/Src/main.d" -MT"Core/Src/main.o" --specs=nano.specs -mfpu=fpv4-sp-d16 -mfloat-abi=hard -mthumb -o "Core/Src/main.o"
../Core/Src/main.c: In function 'main':
../Core/Src/main.c:123:27: error: 'TIM_CHANNEL_2_' undeclared (first use in this function); did you mean 'TIM_CHANNEL_2'?
  123 |   HAL_TIM_OC_Stop(&htim2, TIM_CHANNEL_2_);
      |                           ^~~~~~~~~~~~~~
      |                           TIM_CHANNEL_2
../Core/Src/main.c:123:27: note: each undeclared identifier is reported only once for each function it appears in
make: *** [Core/Src/subdir.mk:34: Core/Src/main.o] Error 1
"make -j12 all" terminated with exit code 2. Build might be incomplete.
21:22:00 **** Incremental Build of configuration Debug for project Encoder_F4 ****
make -j12 all 
arm-none-eabi-gcc "../Core/Src/main.c" -mcpu=cortex-m4 -std=gnu11 -g3 -DDEBUG -DUSE_HAL_DRIVER -DSTM32F407xx -c -I../Core/Inc -I../Drivers/STM32F4xx_HAL_Driver/Inc -I../Drivers/STM32F4xx_HAL_Driver/Inc/Legacy -I../Drivers/CMSIS/Device/ST/STM32F4xx/Include -I../Drivers/CMSIS/Include -O0 -ffunction-sections -fdata-sections -Wall -fstack-usage -fcyclomatic-complexity -MMD -MP -MF"Core/Src/main.d" -MT"Core/Src/main.o" --specs=nano.specs -mfpu=fpv4-sp-d16 -mfloat-abi=hard -mthumb -o "Core/Src/main.o"
arm-none-eabi-gcc -o "Encoder_F4.elf" @"objects.list"   -mcpu=cortex-m4 -T"C:\Users\MrDhrumil\Desktop\DIC\Embe Dic Intern\Testing Code\Encoder_F4\STM32F407VGTX_FLASH.ld" --specs=nosys.specs -Wl,-Map="Encoder_F4.map" -Wl,--gc-sections -static --specs=nano.specs -mfpu=fpv4-sp-d16 -mfloat-abi=hard -mthumb -Wl,--start-group -lc -lm -Wl,--end-group
Finished building target: Encoder_F4.elf
 
arm-none-eabi-size   Encoder_F4.elf 
arm-none-eabi-objdump -h -S  Encoder_F4.elf  > "Encoder_F4.list"
   text	   data	    bss	    dec	    hex	filename
  14704	     20	   1876	  16600	   40d8	Encoder_F4.elf
Finished building: default.size.stdout
 
Finished building: Encoder_F4.list
 
21:22:03 **** Incremental Build of configuration Debug for project Encoder_F4 ****
make -j12 all 
arm-none-eabi-size   Encoder_F4.elf 
   text	   data	    bss	    dec	    hex	filename
  14704	     20	   1876	  16600	   40d8	Encoder_F4.elf
Finished building: default.size.stdout
 
21:24:24 **** Incremental Build of configuration Debug for project Encoder_F4 ****
make -j12 all 
arm-none-eabi-gcc "../Core/Src/main.c" -mcpu=cortex-m4 -std=gnu11 -g3 -DDEBUG -DUSE_HAL_DRIVER -DSTM32F407xx -c -I../Core/Inc -I../Drivers/STM32F4xx_HAL_Driver/Inc -I../Drivers/STM32F4xx_HAL_Driver/Inc/Legacy -I../Drivers/CMSIS/Device/ST/STM32F4xx/Include -I../Drivers/CMSIS/Include -O0 -ffunction-sections -fdata-sections -Wall -fstack-usage -fcyclomatic-complexity -MMD -MP -MF"Core/Src/main.d" -MT"Core/Src/main.o" --specs=nano.specs -mfpu=fpv4-sp-d16 -mfloat-abi=hard -mthumb -o "Core/Src/main.o"
arm-none-eabi-gcc -o "Encoder_F4.elf" @"objects.list"   -mcpu=cortex-m4 -T"C:\Users\MrDhrumil\Desktop\DIC\Embe Dic Intern\Testing Code\Encoder_F4\STM32F407VGTX_FLASH.ld" --specs=nosys.specs -Wl,-Map="Encoder_F4.map" -Wl,--gc-sections -static --specs=nano.specs -mfpu=fpv4-sp-d16 -mfloat-abi=hard -mthumb -Wl,--start-group -lc -lm -Wl,--end-group
Finished building target: Encoder_F4.elf
 
arm-none-eabi-size   Encoder_F4.elf 
arm-none-eabi-objdump -h -S  Encoder_F4.elf  > "Encoder_F4.list"
   text	   data	    bss	    dec	    hex	filename
  14712	     20	   1876	  16608	   40e0	Encoder_F4.elf
Finished building: default.size.stdout
 
Finished building: Encoder_F4.list
 
21:25:32 **** Incremental Build of configuration Debug for project Encoder_F4 ****
make -j12 all 
arm-none-eabi-gcc "../Core/Src/main.c" -mcpu=cortex-m4 -std=gnu11 -g3 -DDEBUG -DUSE_HAL_DRIVER -DSTM32F407xx -c -I../Core/Inc -I../Drivers/STM32F4xx_HAL_Driver/Inc -I../Drivers/STM32F4xx_HAL_Driver/Inc/Legacy -I../Drivers/CMSIS/Device/ST/STM32F4xx/Include -I../Drivers/CMSIS/Include -O0 -ffunction-sections -fdata-sections -Wall -fstack-usage -fcyclomatic-complexity -MMD -MP -MF"Core/Src/main.d" -MT"Core/Src/main.o" --specs=nano.specs -mfpu=fpv4-sp-d16 -mfloat-abi=hard -mthumb -o "Core/Src/main.o"
../Core/Src/main.c: In function 'main':
../Core/Src/main.c:121:3: warning: implicit declaration of function 'HAL_TIM_Stop'; did you mean 'HAL_TIM_IC_Stop'? [-Wimplicit-function-declaration]
  121 |   HAL_TIM_Stop(&htim2, TIM_CHANNEL_1);
      |   ^~~~~~~~~~~~
      |   HAL_TIM_IC_Stop
arm-none-eabi-gcc -o "Encoder_F4.elf" @"objects.list"   -mcpu=cortex-m4 -T"C:\Users\MrDhrumil\Desktop\DIC\Embe Dic Intern\Testing Code\Encoder_F4\STM32F407VGTX_FLASH.ld" --specs=nosys.specs -Wl,-Map="Encoder_F4.map" -Wl,--gc-sections -static --specs=nano.specs -mfpu=fpv4-sp-d16 -mfloat-abi=hard -mthumb -Wl,--start-group -lc -lm -Wl,--end-group
c:\st\stm32cubeide_1.12.1\stm32cubeide\plugins\com.st.stm32cube.ide.mcu.externaltools.gnu-tools-for-stm32.10.3-2021.10.win32_1.0.200.202301161003\tools\arm-none-eabi\bin\ld.exe: ./Core/Src/main.o: in function `main':
C:/Users/MrDhrumil/Desktop/DIC/Embe Dic Intern/Testing Code/Encoder_F4/Debug/../Core/Src/main.c:121: undefined reference to `HAL_TIM_Stop'
c:\st\stm32cubeide_1.12.1\stm32cubeide\plugins\com.st.stm32cube.ide.mcu.externaltools.gnu-tools-for-stm32.10.3-2021.10.win32_1.0.200.202301161003\tools\arm-none-eabi\bin\ld.exe: C:/Users/MrDhrumil/Desktop/DIC/Embe Dic Intern/Testing Code/Encoder_F4/Debug/../Core/Src/main.c:124: undefined reference to `HAL_TIM_Stop'
c:\st\stm32cubeide_1.12.1\stm32cubeide\plugins\com.st.stm32cube.ide.mcu.externaltools.gnu-tools-for-stm32.10.3-2021.10.win32_1.0.200.202301161003\tools\arm-none-eabi\bin\ld.exe: C:/Users/MrDhrumil/Desktop/DIC/Embe Dic Intern/Testing Code/Encoder_F4/Debug/../Core/Src/main.c:127: undefined reference to `HAL_TIM_Stop'
collect2.exe: error: ld returned 1 exit status
make: *** [makefile:64: Encoder_F4.elf] Error 1
"make -j12 all" terminated with exit code 2. Build might be incomplete.
21:25:52 **** Incremental Build of configuration Debug for project Encoder_F4 ****
make -j12 all 
arm-none-eabi-gcc "../Core/Src/main.c" -mcpu=cortex-m4 -std=gnu11 -g3 -DDEBUG -DUSE_HAL_DRIVER -DSTM32F407xx -c -I../Core/Inc -I../Drivers/STM32F4xx_HAL_Driver/Inc -I../Drivers/STM32F4xx_HAL_Driver/Inc/Legacy -I../Drivers/CMSIS/Device/ST/STM32F4xx/Include -I../Drivers/CMSIS/Include -O0 -ffunction-sections -fdata-sections -Wall -fstack-usage -fcyclomatic-complexity -MMD -MP -MF"Core/Src/main.d" -MT"Core/Src/main.o" --specs=nano.specs -mfpu=fpv4-sp-d16 -mfloat-abi=hard -mthumb -o "Core/Src/main.o"
../Core/Src/main.c: In function 'main':
../Core/Src/main.c:124:3: warning: implicit declaration of function 'HAL_TIM_Stop'; did you mean 'HAL_TIM_IC_Stop'? [-Wimplicit-function-declaration]
  124 |   HAL_TIM_Stop(&htim3, TIM_CHANNEL_1);
      |   ^~~~~~~~~~~~
      |   HAL_TIM_IC_Stop
arm-none-eabi-gcc -o "Encoder_F4.elf" @"objects.list"   -mcpu=cortex-m4 -T"C:\Users\MrDhrumil\Desktop\DIC\Embe Dic Intern\Testing Code\Encoder_F4\STM32F407VGTX_FLASH.ld" --specs=nosys.specs -Wl,-Map="Encoder_F4.map" -Wl,--gc-sections -static --specs=nano.specs -mfpu=fpv4-sp-d16 -mfloat-abi=hard -mthumb -Wl,--start-group -lc -lm -Wl,--end-group
c:\st\stm32cubeide_1.12.1\stm32cubeide\plugins\com.st.stm32cube.ide.mcu.externaltools.gnu-tools-for-stm32.10.3-2021.10.win32_1.0.200.202301161003\tools\arm-none-eabi\bin\ld.exe: ./Core/Src/main.o: in function `main':
C:/Users/MrDhrumil/Desktop/DIC/Embe Dic Intern/Testing Code/Encoder_F4/Debug/../Core/Src/main.c:124: undefined reference to `HAL_TIM_Stop'
c:\st\stm32cubeide_1.12.1\stm32cubeide\plugins\com.st.stm32cube.ide.mcu.externaltools.gnu-tools-for-stm32.10.3-2021.10.win32_1.0.200.202301161003\tools\arm-none-eabi\bin\ld.exe: C:/Users/MrDhrumil/Desktop/DIC/Embe Dic Intern/Testing Code/Encoder_F4/Debug/../Core/Src/main.c:126: undefined reference to `HAL_TIM_Stop'
collect2.exe: error: ld returned 1 exit status
make: *** [makefile:64: Encoder_F4.elf] Error 1
"make -j12 all" terminated with exit code 2. Build might be incomplete.
21:26:07 **** Incremental Build of configuration Debug for project Encoder_F4 ****
make -j12 all 
arm-none-eabi-gcc "../Core/Src/main.c" -mcpu=cortex-m4 -std=gnu11 -g3 -DDEBUG -DUSE_HAL_DRIVER -DSTM32F407xx -c -I../Core/Inc -I../Drivers/STM32F4xx_HAL_Driver/Inc -I../Drivers/STM32F4xx_HAL_Driver/Inc/Legacy -I../Drivers/CMSIS/Device/ST/STM32F4xx/Include -I../Drivers/CMSIS/Include -O0 -ffunction-sections -fdata-sections -Wall -fstack-usage -fcyclomatic-complexity -MMD -MP -MF"Core/Src/main.d" -MT"Core/Src/main.o" --specs=nano.specs -mfpu=fpv4-sp-d16 -mfloat-abi=hard -mthumb -o "Core/Src/main.o"
../Core/Src/main.c: In function 'main':
../Core/Src/main.c:126:3: warning: implicit declaration of function 'HAL_TIM_Stop'; did you mean 'HAL_TIM_IC_Stop'? [-Wimplicit-function-declaration]
  126 |   HAL_TIM_Stop(&htim4, TIM_CHANNEL_1);
      |   ^~~~~~~~~~~~
      |   HAL_TIM_IC_Stop
arm-none-eabi-gcc -o "Encoder_F4.elf" @"objects.list"   -mcpu=cortex-m4 -T"C:\Users\MrDhrumil\Desktop\DIC\Embe Dic Intern\Testing Code\Encoder_F4\STM32F407VGTX_FLASH.ld" --specs=nosys.specs -Wl,-Map="Encoder_F4.map" -Wl,--gc-sections -static --specs=nano.specs -mfpu=fpv4-sp-d16 -mfloat-abi=hard -mthumb -Wl,--start-group -lc -lm -Wl,--end-group
c:\st\stm32cubeide_1.12.1\stm32cubeide\plugins\com.st.stm32cube.ide.mcu.externaltools.gnu-tools-for-stm32.10.3-2021.10.win32_1.0.200.202301161003\tools\arm-none-eabi\bin\ld.exe: ./Core/Src/main.o: in function `main':
C:/Users/MrDhrumil/Desktop/DIC/Embe Dic Intern/Testing Code/Encoder_F4/Debug/../Core/Src/main.c:126: undefined reference to `HAL_TIM_Stop'
collect2.exe: error: ld returned 1 exit status
make: *** [makefile:64: Encoder_F4.elf] Error 1
"make -j12 all" terminated with exit code 2. Build might be incomplete.
21:26:21 **** Incremental Build of configuration Debug for project Encoder_F4 ****
make -j12 all 
arm-none-eabi-gcc "../Core/Src/main.c" -mcpu=cortex-m4 -std=gnu11 -g3 -DDEBUG -DUSE_HAL_DRIVER -DSTM32F407xx -c -I../Core/Inc -I../Drivers/STM32F4xx_HAL_Driver/Inc -I../Drivers/STM32F4xx_HAL_Driver/Inc/Legacy -I../Drivers/CMSIS/Device/ST/STM32F4xx/Include -I../Drivers/CMSIS/Include -O0 -ffunction-sections -fdata-sections -Wall -fstack-usage -fcyclomatic-complexity -MMD -MP -MF"Core/Src/main.d" -MT"Core/Src/main.o" --specs=nano.specs -mfpu=fpv4-sp-d16 -mfloat-abi=hard -mthumb -o "Core/Src/main.o"
arm-none-eabi-gcc -o "Encoder_F4.elf" @"objects.list"   -mcpu=cortex-m4 -T"C:\Users\MrDhrumil\Desktop\DIC\Embe Dic Intern\Testing Code\Encoder_F4\STM32F407VGTX_FLASH.ld" --specs=nosys.specs -Wl,-Map="Encoder_F4.map" -Wl,--gc-sections -static --specs=nano.specs -mfpu=fpv4-sp-d16 -mfloat-abi=hard -mthumb -Wl,--start-group -lc -lm -Wl,--end-group
Finished building target: Encoder_F4.elf
 
arm-none-eabi-size   Encoder_F4.elf 
arm-none-eabi-objdump -h -S  Encoder_F4.elf  > "Encoder_F4.list"
   text	   data	    bss	    dec	    hex	filename
  14440	     20	   1876	  16336	   3fd0	Encoder_F4.elf
Finished building: default.size.stdout
 
Finished building: Encoder_F4.list
 
14:02:14 **** Incremental Build of configuration Debug for project Encoder_F4 ****
make -j12 all 
arm-none-eabi-gcc "../Core/Src/main.c" -mcpu=cortex-m4 -std=gnu11 -g3 -DDEBUG -DUSE_HAL_DRIVER -DSTM32F407xx -c -I../Core/Inc -I../Drivers/STM32F4xx_HAL_Driver/Inc -I../Drivers/STM32F4xx_HAL_Driver/Inc/Legacy -I../Drivers/CMSIS/Device/ST/STM32F4xx/Include -I../Drivers/CMSIS/Include -O0 -ffunction-sections -fdata-sections -Wall -fstack-usage -fcyclomatic-complexity -MMD -MP -MF"Core/Src/main.d" -MT"Core/Src/main.o" --specs=nano.specs -mfpu=fpv4-sp-d16 -mfloat-abi=hard -mthumb -o "Core/Src/main.o"
arm-none-eabi-gcc -o "Encoder_F4.elf" @"objects.list"   -mcpu=cortex-m4 -T"C:\Users\MrDhrumil\Desktop\DIC\Embe Dic Intern\Testing Code\Encoder_F4\STM32F407VGTX_FLASH.ld" --specs=nosys.specs -Wl,-Map="Encoder_F4.map" -Wl,--gc-sections -static --specs=nano.specs -mfpu=fpv4-sp-d16 -mfloat-abi=hard -mthumb -Wl,--start-group -lc -lm -Wl,--end-group
Finished building target: Encoder_F4.elf
 
arm-none-eabi-size   Encoder_F4.elf 
arm-none-eabi-objdump -h -S  Encoder_F4.elf  > "Encoder_F4.list"
   text	   data	    bss	    dec	    hex	filename
  14432	     20	   1876	  16328	   3fc8	Encoder_F4.elf
Finished building: default.size.stdout
 
Finished building: Encoder_F4.list
 
14:02:21 **** Incremental Build of configuration Debug for project Encoder_F4 ****
make -j12 all 
arm-none-eabi-size   Encoder_F4.elf 
   text	   data	    bss	    dec	    hex	filename
  14432	     20	   1876	  16328	   3fc8	Encoder_F4.elf
Finished building: default.size.stdout
 
14:04:12 **** Incremental Build of configuration Debug for project Encoder_F4 ****
make -j12 all 
arm-none-eabi-gcc "../Core/Src/main.c" -mcpu=cortex-m4 -std=gnu11 -g3 -DDEBUG -DUSE_HAL_DRIVER -DSTM32F407xx -c -I../Core/Inc -I../Drivers/STM32F4xx_HAL_Driver/Inc -I../Drivers/STM32F4xx_HAL_Driver/Inc/Legacy -I../Drivers/CMSIS/Device/ST/STM32F4xx/Include -I../Drivers/CMSIS/Include -O0 -ffunction-sections -fdata-sections -Wall -fstack-usage -fcyclomatic-complexity -MMD -MP -MF"Core/Src/main.d" -MT"Core/Src/main.o" --specs=nano.specs -mfpu=fpv4-sp-d16 -mfloat-abi=hard -mthumb -o "Core/Src/main.o"
arm-none-eabi-gcc -o "Encoder_F4.elf" @"objects.list"   -mcpu=cortex-m4 -T"C:\Users\MrDhrumil\Desktop\DIC\Embe Dic Intern\Testing Code\Encoder_F4\STM32F407VGTX_FLASH.ld" --specs=nosys.specs -Wl,-Map="Encoder_F4.map" -Wl,--gc-sections -static --specs=nano.specs -mfpu=fpv4-sp-d16 -mfloat-abi=hard -mthumb -Wl,--start-group -lc -lm -Wl,--end-group
Finished building target: Encoder_F4.elf
 
arm-none-eabi-size   Encoder_F4.elf 
arm-none-eabi-objdump -h -S  Encoder_F4.elf  > "Encoder_F4.list"
   text	   data	    bss	    dec	    hex	filename
  14464	     20	   1876	  16360	   3fe8	Encoder_F4.elf
Finished building: default.size.stdout
 
Finished building: Encoder_F4.list
 
14:04:15 **** Incremental Build of configuration Debug for project Encoder_F4 ****
make -j12 all 
arm-none-eabi-size   Encoder_F4.elf 
   text	   data	    bss	    dec	    hex	filename
  14464	     20	   1876	  16360	   3fe8	Encoder_F4.elf
Finished building: default.size.stdout
 
14:05:19 **** Incremental Build of configuration Debug for project Encoder_F4 ****
make -j12 all 
arm-none-eabi-gcc "../Core/Src/main.c" -mcpu=cortex-m4 -std=gnu11 -g3 -DDEBUG -DUSE_HAL_DRIVER -DSTM32F407xx -c -I../Core/Inc -I../Drivers/STM32F4xx_HAL_Driver/Inc -I../Drivers/STM32F4xx_HAL_Driver/Inc/Legacy -I../Drivers/CMSIS/Device/ST/STM32F4xx/Include -I../Drivers/CMSIS/Include -O0 -ffunction-sections -fdata-sections -Wall -fstack-usage -fcyclomatic-complexity -MMD -MP -MF"Core/Src/main.d" -MT"Core/Src/main.o" --specs=nano.specs -mfpu=fpv4-sp-d16 -mfloat-abi=hard -mthumb -o "Core/Src/main.o"
arm-none-eabi-gcc -o "Encoder_F4.elf" @"objects.list"   -mcpu=cortex-m4 -T"C:\Users\MrDhrumil\Desktop\DIC\Embe Dic Intern\Testing Code\Encoder_F4\STM32F407VGTX_FLASH.ld" --specs=nosys.specs -Wl,-Map="Encoder_F4.map" -Wl,--gc-sections -static --specs=nano.specs -mfpu=fpv4-sp-d16 -mfloat-abi=hard -mthumb -Wl,--start-group -lc -lm -Wl,--end-group
Finished building target: Encoder_F4.elf
 
arm-none-eabi-size   Encoder_F4.elf 
arm-none-eabi-objdump -h -S  Encoder_F4.elf  > "Encoder_F4.list"
   text	   data	    bss	    dec	    hex	filename
  14456	     20	   1876	  16352	   3fe0	Encoder_F4.elf
Finished building: default.size.stdout
 
Finished building: Encoder_F4.list
 
14:05:22 **** Incremental Build of configuration Debug for project Encoder_F4 ****
make -j12 all 
arm-none-eabi-size   Encoder_F4.elf 
   text	   data	    bss	    dec	    hex	filename
  14456	     20	   1876	  16352	   3fe0	Encoder_F4.elf
Finished building: default.size.stdout
 
14:07:10 **** Incremental Build of configuration Debug for project Encoder_F4 ****
make -j12 all 
arm-none-eabi-gcc "../Core/Src/main.c" -mcpu=cortex-m4 -std=gnu11 -g3 -DDEBUG -DUSE_HAL_DRIVER -DSTM32F407xx -c -I../Core/Inc -I../Drivers/STM32F4xx_HAL_Driver/Inc -I../Drivers/STM32F4xx_HAL_Driver/Inc/Legacy -I../Drivers/CMSIS/Device/ST/STM32F4xx/Include -I../Drivers/CMSIS/Include -O0 -ffunction-sections -fdata-sections -Wall -fstack-usage -fcyclomatic-complexity -MMD -MP -MF"Core/Src/main.d" -MT"Core/Src/main.o" --specs=nano.specs -mfpu=fpv4-sp-d16 -mfloat-abi=hard -mthumb -o "Core/Src/main.o"
arm-none-eabi-gcc -o "Encoder_F4.elf" @"objects.list"   -mcpu=cortex-m4 -T"C:\Users\MrDhrumil\Desktop\DIC\Embe Dic Intern\Testing Code\Encoder_F4\STM32F407VGTX_FLASH.ld" --specs=nosys.specs -Wl,-Map="Encoder_F4.map" -Wl,--gc-sections -static --specs=nano.specs -mfpu=fpv4-sp-d16 -mfloat-abi=hard -mthumb -Wl,--start-group -lc -lm -Wl,--end-group
Finished building target: Encoder_F4.elf
 
arm-none-eabi-size   Encoder_F4.elf 
arm-none-eabi-objdump -h -S  Encoder_F4.elf  > "Encoder_F4.list"
   text	   data	    bss	    dec	    hex	filename
  14416	     20	   1876	  16312	   3fb8	Encoder_F4.elf
Finished building: default.size.stdout
 
Finished building: Encoder_F4.list
 
14:23:05 **** Incremental Build of configuration Debug for project Encoder_F4 ****
make -j12 all 
arm-none-eabi-gcc "../Core/Src/main.c" -mcpu=cortex-m4 -std=gnu11 -g3 -DDEBUG -DUSE_HAL_DRIVER -DSTM32F407xx -c -I../Core/Inc -I../Drivers/STM32F4xx_HAL_Driver/Inc -I../Drivers/STM32F4xx_HAL_Driver/Inc/Legacy -I../Drivers/CMSIS/Device/ST/STM32F4xx/Include -I../Drivers/CMSIS/Include -O0 -ffunction-sections -fdata-sections -Wall -fstack-usage -fcyclomatic-complexity -MMD -MP -MF"Core/Src/main.d" -MT"Core/Src/main.o" --specs=nano.specs -mfpu=fpv4-sp-d16 -mfloat-abi=hard -mthumb -o "Core/Src/main.o"
arm-none-eabi-gcc "../Core/Src/stm32f4xx_hal_msp.c" -mcpu=cortex-m4 -std=gnu11 -g3 -DDEBUG -DUSE_HAL_DRIVER -DSTM32F407xx -c -I../Core/Inc -I../Drivers/STM32F4xx_HAL_Driver/Inc -I../Drivers/STM32F4xx_HAL_Driver/Inc/Legacy -I../Drivers/CMSIS/Device/ST/STM32F4xx/Include -I../Drivers/CMSIS/Include -O0 -ffunction-sections -fdata-sections -Wall -fstack-usage -fcyclomatic-complexity -MMD -MP -MF"Core/Src/stm32f4xx_hal_msp.d" -MT"Core/Src/stm32f4xx_hal_msp.o" --specs=nano.specs -mfpu=fpv4-sp-d16 -mfloat-abi=hard -mthumb -o "Core/Src/stm32f4xx_hal_msp.o"
arm-none-eabi-gcc -o "Encoder_F4.elf" @"objects.list"   -mcpu=cortex-m4 -T"C:\Users\MrDhrumil\Desktop\DIC\Embe Dic Intern\Testing Code\Encoder_F4\STM32F407VGTX_FLASH.ld" --specs=nosys.specs -Wl,-Map="Encoder_F4.map" -Wl,--gc-sections -static --specs=nano.specs -mfpu=fpv4-sp-d16 -mfloat-abi=hard -mthumb -Wl,--start-group -lc -lm -Wl,--end-group
Finished building target: Encoder_F4.elf
 
arm-none-eabi-size   Encoder_F4.elf 
arm-none-eabi-objdump -h -S  Encoder_F4.elf  > "Encoder_F4.list"
   text	   data	    bss	    dec	    hex	filename
  14488	     20	   1876	  16384	   4000	Encoder_F4.elf
Finished building: default.size.stdout
 
Finished building: Encoder_F4.list
 
14:23:57 **** Incremental Build of configuration Debug for project Encoder_F4 ****
make -j12 all 
arm-none-eabi-gcc "../Core/Src/main.c" -mcpu=cortex-m4 -std=gnu11 -g3 -DDEBUG -DUSE_HAL_DRIVER -DSTM32F407xx -c -I../Core/Inc -I../Drivers/STM32F4xx_HAL_Driver/Inc -I../Drivers/STM32F4xx_HAL_Driver/Inc/Legacy -I../Drivers/CMSIS/Device/ST/STM32F4xx/Include -I../Drivers/CMSIS/Include -O0 -ffunction-sections -fdata-sections -Wall -fstack-usage -fcyclomatic-complexity -MMD -MP -MF"Core/Src/main.d" -MT"Core/Src/main.o" --specs=nano.specs -mfpu=fpv4-sp-d16 -mfloat-abi=hard -mthumb -o "Core/Src/main.o"
arm-none-eabi-gcc -o "Encoder_F4.elf" @"objects.list"   -mcpu=cortex-m4 -T"C:\Users\MrDhrumil\Desktop\DIC\Embe Dic Intern\Testing Code\Encoder_F4\STM32F407VGTX_FLASH.ld" --specs=nosys.specs -Wl,-Map="Encoder_F4.map" -Wl,--gc-sections -static --specs=nano.specs -mfpu=fpv4-sp-d16 -mfloat-abi=hard -mthumb -Wl,--start-group -lc -lm -Wl,--end-group
Finished building target: Encoder_F4.elf
 
arm-none-eabi-size   Encoder_F4.elf 
arm-none-eabi-objdump -h -S  Encoder_F4.elf  > "Encoder_F4.list"
   text	   data	    bss	    dec	    hex	filename
  14508	     20	   1876	  16404	   4014	Encoder_F4.elf
Finished building: default.size.stdout
 
Finished building: Encoder_F4.list
 
14:24:44 **** Incremental Build of configuration Debug for project Encoder_F4 ****
make -j12 all 
arm-none-eabi-size   Encoder_F4.elf 
   text	   data	    bss	    dec	    hex	filename
  14508	     20	   1876	  16404	   4014	Encoder_F4.elf
Finished building: default.size.stdout
 
14:43:39 **** Incremental Build of configuration Debug for project Encoder_F4 ****
make -j12 all 
arm-none-eabi-gcc "../Core/Src/main.c" -mcpu=cortex-m4 -std=gnu11 -g3 -DDEBUG -DUSE_HAL_DRIVER -DSTM32F407xx -c -I../Core/Inc -I../Drivers/STM32F4xx_HAL_Driver/Inc -I../Drivers/STM32F4xx_HAL_Driver/Inc/Legacy -I../Drivers/CMSIS/Device/ST/STM32F4xx/Include -I../Drivers/CMSIS/Include -O0 -ffunction-sections -fdata-sections -Wall -fstack-usage -fcyclomatic-complexity -MMD -MP -MF"Core/Src/main.d" -MT"Core/Src/main.o" --specs=nano.specs -mfpu=fpv4-sp-d16 -mfloat-abi=hard -mthumb -o "Core/Src/main.o"
arm-none-eabi-gcc -o "Encoder_F4.elf" @"objects.list"   -mcpu=cortex-m4 -T"C:\Users\MrDhrumil\Desktop\DIC\Embe Dic Intern\Testing Code\Encoder_F4\STM32F407VGTX_FLASH.ld" --specs=nosys.specs -Wl,-Map="Encoder_F4.map" -Wl,--gc-sections -static --specs=nano.specs -mfpu=fpv4-sp-d16 -mfloat-abi=hard -mthumb -Wl,--start-group -lc -lm -Wl,--end-group
Finished building target: Encoder_F4.elf
 
arm-none-eabi-size   Encoder_F4.elf 
arm-none-eabi-objdump -h -S  Encoder_F4.elf  > "Encoder_F4.list"
   text	   data	    bss	    dec	    hex	filename
  14544	     20	   1892	  16456	   4048	Encoder_F4.elf
Finished building: default.size.stdout
 
Finished building: Encoder_F4.list
 
14:43:56 **** Incremental Build of configuration Debug for project Encoder_F4 ****
make -j12 all 
arm-none-eabi-size   Encoder_F4.elf 
   text	   data	    bss	    dec	    hex	filename
  14544	     20	   1892	  16456	   4048	Encoder_F4.elf
Finished building: default.size.stdout
 
14:48:01 **** Incremental Build of configuration Debug for project Encoder_F4 ****
make -j12 all 
arm-none-eabi-gcc "../Core/Src/main.c" -mcpu=cortex-m4 -std=gnu11 -g3 -DDEBUG -DUSE_HAL_DRIVER -DSTM32F407xx -c -I../Core/Inc -I../Drivers/STM32F4xx_HAL_Driver/Inc -I../Drivers/STM32F4xx_HAL_Driver/Inc/Legacy -I../Drivers/CMSIS/Device/ST/STM32F4xx/Include -I../Drivers/CMSIS/Include -O0 -ffunction-sections -fdata-sections -Wall -fstack-usage -fcyclomatic-complexity -MMD -MP -MF"Core/Src/main.d" -MT"Core/Src/main.o" --specs=nano.specs -mfpu=fpv4-sp-d16 -mfloat-abi=hard -mthumb -o "Core/Src/main.o"
arm-none-eabi-gcc -o "Encoder_F4.elf" @"objects.list"   -mcpu=cortex-m4 -T"C:\Users\MrDhrumil\Desktop\DIC\Embe Dic Intern\Testing Code\Encoder_F4\STM32F407VGTX_FLASH.ld" --specs=nosys.specs -Wl,-Map="Encoder_F4.map" -Wl,--gc-sections -static --specs=nano.specs -mfpu=fpv4-sp-d16 -mfloat-abi=hard -mthumb -Wl,--start-group -lc -lm -Wl,--end-group
Finished building target: Encoder_F4.elf
 
arm-none-eabi-size   Encoder_F4.elf 
arm-none-eabi-objdump -h -S  Encoder_F4.elf  > "Encoder_F4.list"
   text	   data	    bss	    dec	    hex	filename
  14544	     20	   1892	  16456	   4048	Encoder_F4.elf
Finished building: default.size.stdout
 
Finished building: Encoder_F4.list
 
14:54:21 **** Incremental Build of configuration Debug for project Encoder_F4 ****
make -j12 all 
arm-none-eabi-gcc "../Core/Src/main.c" -mcpu=cortex-m4 -std=gnu11 -g3 -DDEBUG -DUSE_HAL_DRIVER -DSTM32F407xx -c -I../Core/Inc -I../Drivers/STM32F4xx_HAL_Driver/Inc -I../Drivers/STM32F4xx_HAL_Driver/Inc/Legacy -I../Drivers/CMSIS/Device/ST/STM32F4xx/Include -I../Drivers/CMSIS/Include -O0 -ffunction-sections -fdata-sections -Wall -fstack-usage -fcyclomatic-complexity -MMD -MP -MF"Core/Src/main.d" -MT"Core/Src/main.o" --specs=nano.specs -mfpu=fpv4-sp-d16 -mfloat-abi=hard -mthumb -o "Core/Src/main.o"
arm-none-eabi-gcc "../Core/Src/stm32f4xx_hal_msp.c" -mcpu=cortex-m4 -std=gnu11 -g3 -DDEBUG -DUSE_HAL_DRIVER -DSTM32F407xx -c -I../Core/Inc -I../Drivers/STM32F4xx_HAL_Driver/Inc -I../Drivers/STM32F4xx_HAL_Driver/Inc/Legacy -I../Drivers/CMSIS/Device/ST/STM32F4xx/Include -I../Drivers/CMSIS/Include -O0 -ffunction-sections -fdata-sections -Wall -fstack-usage -fcyclomatic-complexity -MMD -MP -MF"Core/Src/stm32f4xx_hal_msp.d" -MT"Core/Src/stm32f4xx_hal_msp.o" --specs=nano.specs -mfpu=fpv4-sp-d16 -mfloat-abi=hard -mthumb -o "Core/Src/stm32f4xx_hal_msp.o"
arm-none-eabi-gcc "../Core/Src/stm32f4xx_it.c" -mcpu=cortex-m4 -std=gnu11 -g3 -DDEBUG -DUSE_HAL_DRIVER -DSTM32F407xx -c -I../Core/Inc -I../Drivers/STM32F4xx_HAL_Driver/Inc -I../Drivers/STM32F4xx_HAL_Driver/Inc/Legacy -I../Drivers/CMSIS/Device/ST/STM32F4xx/Include -I../Drivers/CMSIS/Include -O0 -ffunction-sections -fdata-sections -Wall -fstack-usage -fcyclomatic-complexity -MMD -MP -MF"Core/Src/stm32f4xx_it.d" -MT"Core/Src/stm32f4xx_it.o" --specs=nano.specs -mfpu=fpv4-sp-d16 -mfloat-abi=hard -mthumb -o "Core/Src/stm32f4xx_it.o"
../Core/Src/main.c: In function 'main':
../Core/Src/main.c:136:23: error: incompatible type for argument 1 of 'HAL_TIM_PWM_Stop_IT'
  136 |   HAL_TIM_PWM_Stop_IT(htim2, TIM_CHANNEL_1);
      |                       ^~~~~
      |                       |
      |                       TIM_HandleTypeDef
In file included from ../Core/Inc/stm32f4xx_hal_conf.h:407,
                 from ../Drivers/STM32F4xx_HAL_Driver/Inc/stm32f4xx_hal.h:29,
                 from ../Core/Inc/main.h:30,
                 from ../Core/Src/main.c:20:
../Drivers/STM32F4xx_HAL_Driver/Inc/stm32f4xx_hal_tim.h:1941:58: note: expected 'TIM_HandleTypeDef *' but argument is of type 'TIM_HandleTypeDef'
 1941 | HAL_StatusTypeDef HAL_TIM_PWM_Stop_IT(TIM_HandleTypeDef *htim, uint32_t Channel);
      |                                       ~~~~~~~~~~~~~~~~~~~^~~~
make: *** [Core/Src/subdir.mk:34: Core/Src/main.o] Error 1
make: *** Waiting for unfinished jobs....
"make -j12 all" terminated with exit code 2. Build might be incomplete.
14:54:25 **** Incremental Build of configuration Debug for project Encoder_F4 ****
make -j12 all 
arm-none-eabi-gcc "../Core/Src/main.c" -mcpu=cortex-m4 -std=gnu11 -g3 -DDEBUG -DUSE_HAL_DRIVER -DSTM32F407xx -c -I../Core/Inc -I../Drivers/STM32F4xx_HAL_Driver/Inc -I../Drivers/STM32F4xx_HAL_Driver/Inc/Legacy -I../Drivers/CMSIS/Device/ST/STM32F4xx/Include -I../Drivers/CMSIS/Include -O0 -ffunction-sections -fdata-sections -Wall -fstack-usage -fcyclomatic-complexity -MMD -MP -MF"Core/Src/main.d" -MT"Core/Src/main.o" --specs=nano.specs -mfpu=fpv4-sp-d16 -mfloat-abi=hard -mthumb -o "Core/Src/main.o"
../Core/Src/main.c: In function 'main':
../Core/Src/main.c:136:23: error: incompatible type for argument 1 of 'HAL_TIM_PWM_Stop_IT'
  136 |   HAL_TIM_PWM_Stop_IT(htim2, TIM_CHANNEL_1);
      |                       ^~~~~
      |                       |
      |                       TIM_HandleTypeDef
In file included from ../Core/Inc/stm32f4xx_hal_conf.h:407,
                 from ../Drivers/STM32F4xx_HAL_Driver/Inc/stm32f4xx_hal.h:29,
                 from ../Core/Inc/main.h:30,
                 from ../Core/Src/main.c:20:
../Drivers/STM32F4xx_HAL_Driver/Inc/stm32f4xx_hal_tim.h:1941:58: note: expected 'TIM_HandleTypeDef *' but argument is of type 'TIM_HandleTypeDef'
 1941 | HAL_StatusTypeDef HAL_TIM_PWM_Stop_IT(TIM_HandleTypeDef *htim, uint32_t Channel);
      |                                       ~~~~~~~~~~~~~~~~~~~^~~~
make: *** [Core/Src/subdir.mk:34: Core/Src/main.o] Error 1
"make -j12 all" terminated with exit code 2. Build might be incomplete.
14:55:42 **** Incremental Build of configuration Debug for project Encoder_F4 ****
make -j12 all 
arm-none-eabi-gcc "../Core/Src/main.c" -mcpu=cortex-m4 -std=gnu11 -g3 -DDEBUG -DUSE_HAL_DRIVER -DSTM32F407xx -c -I../Core/Inc -I../Drivers/STM32F4xx_HAL_Driver/Inc -I../Drivers/STM32F4xx_HAL_Driver/Inc/Legacy -I../Drivers/CMSIS/Device/ST/STM32F4xx/Include -I../Drivers/CMSIS/Include -O0 -ffunction-sections -fdata-sections -Wall -fstack-usage -fcyclomatic-complexity -MMD -MP -MF"Core/Src/main.d" -MT"Core/Src/main.o" --specs=nano.specs -mfpu=fpv4-sp-d16 -mfloat-abi=hard -mthumb -o "Core/Src/main.o"
arm-none-eabi-gcc -o "Encoder_F4.elf" @"objects.list"   -mcpu=cortex-m4 -T"C:\Users\MrDhrumil\Desktop\DIC\Embe Dic Intern\Testing Code\Encoder_F4\STM32F407VGTX_FLASH.ld" --specs=nosys.specs -Wl,-Map="Encoder_F4.map" -Wl,--gc-sections -static --specs=nano.specs -mfpu=fpv4-sp-d16 -mfloat-abi=hard -mthumb -Wl,--start-group -lc -lm -Wl,--end-group
Finished building target: Encoder_F4.elf
 
arm-none-eabi-size   Encoder_F4.elf 
arm-none-eabi-objdump -h -S  Encoder_F4.elf  > "Encoder_F4.list"
   text	   data	    bss	    dec	    hex	filename
  15280	     20	   1892	  17192	   4328	Encoder_F4.elf
Finished building: default.size.stdout
 
Finished building: Encoder_F4.list
 
14:55:48 **** Incremental Build of configuration Debug for project Encoder_F4 ****
make -j12 all 
arm-none-eabi-size   Encoder_F4.elf 
   text	   data	    bss	    dec	    hex	filename
  15280	     20	   1892	  17192	   4328	Encoder_F4.elf
Finished building: default.size.stdout
 
14:57:47 **** Incremental Build of configuration Debug for project Encoder_F4 ****
make -j12 all 
arm-none-eabi-size   Encoder_F4.elf 
   text	   data	    bss	    dec	    hex	filename
  15280	     20	   1892	  17192	   4328	Encoder_F4.elf
Finished building: default.size.stdout
 
15:05:20 **** Incremental Build of configuration Debug for project Encoder_F4 ****
make -j12 all 
arm-none-eabi-size   Encoder_F4.elf 
   text	   data	    bss	    dec	    hex	filename
  15280	     20	   1892	  17192	   4328	Encoder_F4.elf
Finished building: default.size.stdout
 
15:07:05 **** Incremental Build of configuration Debug for project Encoder_F4 ****
make -j12 all 
arm-none-eabi-gcc "../Core/Src/main.c" -mcpu=cortex-m4 -std=gnu11 -g3 -DDEBUG -DUSE_HAL_DRIVER -DSTM32F407xx -c -I../Core/Inc -I../Drivers/STM32F4xx_HAL_Driver/Inc -I../Drivers/STM32F4xx_HAL_Driver/Inc/Legacy -I../Drivers/CMSIS/Device/ST/STM32F4xx/Include -I../Drivers/CMSIS/Include -O0 -ffunction-sections -fdata-sections -Wall -fstack-usage -fcyclomatic-complexity -MMD -MP -MF"Core/Src/main.d" -MT"Core/Src/main.o" --specs=nano.specs -mfpu=fpv4-sp-d16 -mfloat-abi=hard -mthumb -o "Core/Src/main.o"
arm-none-eabi-gcc -o "Encoder_F4.elf" @"objects.list"   -mcpu=cortex-m4 -T"C:\Users\MrDhrumil\Desktop\DIC\Embe Dic Intern\Testing Code\Encoder_F4\STM32F407VGTX_FLASH.ld" --specs=nosys.specs -Wl,-Map="Encoder_F4.map" -Wl,--gc-sections -static --specs=nano.specs -mfpu=fpv4-sp-d16 -mfloat-abi=hard -mthumb -Wl,--start-group -lc -lm -Wl,--end-group
Finished building target: Encoder_F4.elf
 
arm-none-eabi-size   Encoder_F4.elf 
arm-none-eabi-objdump -h -S  Encoder_F4.elf  > "Encoder_F4.list"
   text	   data	    bss	    dec	    hex	filename
  15292	     20	   1892	  17204	   4334	Encoder_F4.elf
Finished building: default.size.stdout
 
Finished building: Encoder_F4.list
 
15:09:36 **** Incremental Build of configuration Debug for project Encoder_F4 ****
make -j12 all 
arm-none-eabi-gcc "../Core/Src/main.c" -mcpu=cortex-m4 -std=gnu11 -g3 -DDEBUG -DUSE_HAL_DRIVER -DSTM32F407xx -c -I../Core/Inc -I../Drivers/STM32F4xx_HAL_Driver/Inc -I../Drivers/STM32F4xx_HAL_Driver/Inc/Legacy -I../Drivers/CMSIS/Device/ST/STM32F4xx/Include -I../Drivers/CMSIS/Include -O0 -ffunction-sections -fdata-sections -Wall -fstack-usage -fcyclomatic-complexity -MMD -MP -MF"Core/Src/main.d" -MT"Core/Src/main.o" --specs=nano.specs -mfpu=fpv4-sp-d16 -mfloat-abi=hard -mthumb -o "Core/Src/main.o"
arm-none-eabi-gcc -o "Encoder_F4.elf" @"objects.list"   -mcpu=cortex-m4 -T"C:\Users\MrDhrumil\Desktop\DIC\Embe Dic Intern\Testing Code\Encoder_F4\STM32F407VGTX_FLASH.ld" --specs=nosys.specs -Wl,-Map="Encoder_F4.map" -Wl,--gc-sections -static --specs=nano.specs -mfpu=fpv4-sp-d16 -mfloat-abi=hard -mthumb -Wl,--start-group -lc -lm -Wl,--end-group
Finished building target: Encoder_F4.elf
 
arm-none-eabi-size   Encoder_F4.elf 
arm-none-eabi-objdump -h -S  Encoder_F4.elf  > "Encoder_F4.list"
   text	   data	    bss	    dec	    hex	filename
  15316	     20	   1892	  17228	   434c	Encoder_F4.elf
Finished building: default.size.stdout
 
Finished building: Encoder_F4.list
 
15:11:46 **** Incremental Build of configuration Debug for project Encoder_F4 ****
make -j12 all 
arm-none-eabi-gcc "../Core/Src/main.c" -mcpu=cortex-m4 -std=gnu11 -g3 -DDEBUG -DUSE_HAL_DRIVER -DSTM32F407xx -c -I../Core/Inc -I../Drivers/STM32F4xx_HAL_Driver/Inc -I../Drivers/STM32F4xx_HAL_Driver/Inc/Legacy -I../Drivers/CMSIS/Device/ST/STM32F4xx/Include -I../Drivers/CMSIS/Include -O0 -ffunction-sections -fdata-sections -Wall -fstack-usage -fcyclomatic-complexity -MMD -MP -MF"Core/Src/main.d" -MT"Core/Src/main.o" --specs=nano.specs -mfpu=fpv4-sp-d16 -mfloat-abi=hard -mthumb -o "Core/Src/main.o"
arm-none-eabi-gcc -o "Encoder_F4.elf" @"objects.list"   -mcpu=cortex-m4 -T"C:\Users\MrDhrumil\Desktop\DIC\Embe Dic Intern\Testing Code\Encoder_F4\STM32F407VGTX_FLASH.ld" --specs=nosys.specs -Wl,-Map="Encoder_F4.map" -Wl,--gc-sections -static --specs=nano.specs -mfpu=fpv4-sp-d16 -mfloat-abi=hard -mthumb -Wl,--start-group -lc -lm -Wl,--end-group
Finished building target: Encoder_F4.elf
 
arm-none-eabi-size   Encoder_F4.elf 
arm-none-eabi-objdump -h -S  Encoder_F4.elf  > "Encoder_F4.list"
   text	   data	    bss	    dec	    hex	filename
  15176	     20	   1892	  17088	   42c0	Encoder_F4.elf
Finished building: default.size.stdout
 
Finished building: Encoder_F4.list
 
15:12:46 **** Incremental Build of configuration Debug for project Encoder_F4 ****
make -j12 all 
arm-none-eabi-gcc "../Core/Src/main.c" -mcpu=cortex-m4 -std=gnu11 -g3 -DDEBUG -DUSE_HAL_DRIVER -DSTM32F407xx -c -I../Core/Inc -I../Drivers/STM32F4xx_HAL_Driver/Inc -I../Drivers/STM32F4xx_HAL_Driver/Inc/Legacy -I../Drivers/CMSIS/Device/ST/STM32F4xx/Include -I../Drivers/CMSIS/Include -O0 -ffunction-sections -fdata-sections -Wall -fstack-usage -fcyclomatic-complexity -MMD -MP -MF"Core/Src/main.d" -MT"Core/Src/main.o" --specs=nano.specs -mfpu=fpv4-sp-d16 -mfloat-abi=hard -mthumb -o "Core/Src/main.o"
arm-none-eabi-gcc -o "Encoder_F4.elf" @"objects.list"   -mcpu=cortex-m4 -T"C:\Users\MrDhrumil\Desktop\DIC\Embe Dic Intern\Testing Code\Encoder_F4\STM32F407VGTX_FLASH.ld" --specs=nosys.specs -Wl,-Map="Encoder_F4.map" -Wl,--gc-sections -static --specs=nano.specs -mfpu=fpv4-sp-d16 -mfloat-abi=hard -mthumb -Wl,--start-group -lc -lm -Wl,--end-group
Finished building target: Encoder_F4.elf
 
arm-none-eabi-size   Encoder_F4.elf 
arm-none-eabi-objdump -h -S  Encoder_F4.elf  > "Encoder_F4.list"
   text	   data	    bss	    dec	    hex	filename
  15188	     20	   1892	  17100	   42cc	Encoder_F4.elf
Finished building: default.size.stdout
 
Finished building: Encoder_F4.list
 
15:14:33 **** Incremental Build of configuration Debug for project Encoder_F4 ****
make -j12 all 
arm-none-eabi-size   Encoder_F4.elf 
   text	   data	    bss	    dec	    hex	filename
  15188	     20	   1892	  17100	   42cc	Encoder_F4.elf
Finished building: default.size.stdout
 
15:15:08 **** Incremental Build of configuration Debug for project Encoder_F4 ****
make -j12 all 
arm-none-eabi-gcc "../Core/Src/main.c" -mcpu=cortex-m4 -std=gnu11 -g3 -DDEBUG -DUSE_HAL_DRIVER -DSTM32F407xx -c -I../Core/Inc -I../Drivers/STM32F4xx_HAL_Driver/Inc -I../Drivers/STM32F4xx_HAL_Driver/Inc/Legacy -I../Drivers/CMSIS/Device/ST/STM32F4xx/Include -I../Drivers/CMSIS/Include -O0 -ffunction-sections -fdata-sections -Wall -fstack-usage -fcyclomatic-complexity -MMD -MP -MF"Core/Src/main.d" -MT"Core/Src/main.o" --specs=nano.specs -mfpu=fpv4-sp-d16 -mfloat-abi=hard -mthumb -o "Core/Src/main.o"
arm-none-eabi-gcc -o "Encoder_F4.elf" @"objects.list"   -mcpu=cortex-m4 -T"C:\Users\MrDhrumil\Desktop\DIC\Embe Dic Intern\Testing Code\Encoder_F4\STM32F407VGTX_FLASH.ld" --specs=nosys.specs -Wl,-Map="Encoder_F4.map" -Wl,--gc-sections -static --specs=nano.specs -mfpu=fpv4-sp-d16 -mfloat-abi=hard -mthumb -Wl,--start-group -lc -lm -Wl,--end-group
Finished building target: Encoder_F4.elf
 
arm-none-eabi-size   Encoder_F4.elf 
arm-none-eabi-objdump -h -S  Encoder_F4.elf  > "Encoder_F4.list"
   text	   data	    bss	    dec	    hex	filename
  15268	     20	   1892	  17180	   431c	Encoder_F4.elf
Finished building: default.size.stdout
 
Finished building: Encoder_F4.list
 
15:15:50 **** Incremental Build of configuration Debug for project Encoder_F4 ****
make -j12 all 
arm-none-eabi-size   Encoder_F4.elf 
   text	   data	    bss	    dec	    hex	filename
  15268	     20	   1892	  17180	   431c	Encoder_F4.elf
Finished building: default.size.stdout
 
15:17:35 **** Incremental Build of configuration Debug for project Encoder_F4 ****
make -j12 all 
arm-none-eabi-gcc "../Core/Src/main.c" -mcpu=cortex-m4 -std=gnu11 -g3 -DDEBUG -DUSE_HAL_DRIVER -DSTM32F407xx -c -I../Core/Inc -I../Drivers/STM32F4xx_HAL_Driver/Inc -I../Drivers/STM32F4xx_HAL_Driver/Inc/Legacy -I../Drivers/CMSIS/Device/ST/STM32F4xx/Include -I../Drivers/CMSIS/Include -O0 -ffunction-sections -fdata-sections -Wall -fstack-usage -fcyclomatic-complexity -MMD -MP -MF"Core/Src/main.d" -MT"Core/Src/main.o" --specs=nano.specs -mfpu=fpv4-sp-d16 -mfloat-abi=hard -mthumb -o "Core/Src/main.o"
arm-none-eabi-gcc -o "Encoder_F4.elf" @"objects.list"   -mcpu=cortex-m4 -T"C:\Users\MrDhrumil\Desktop\DIC\Embe Dic Intern\Testing Code\Encoder_F4\STM32F407VGTX_FLASH.ld" --specs=nosys.specs -Wl,-Map="Encoder_F4.map" -Wl,--gc-sections -static --specs=nano.specs -mfpu=fpv4-sp-d16 -mfloat-abi=hard -mthumb -Wl,--start-group -lc -lm -Wl,--end-group
Finished building target: Encoder_F4.elf
 
arm-none-eabi-size   Encoder_F4.elf 
arm-none-eabi-objdump -h -S  Encoder_F4.elf  > "Encoder_F4.list"
   text	   data	    bss	    dec	    hex	filename
  15272	     20	   1892	  17184	   4320	Encoder_F4.elf
Finished building: default.size.stdout
 
Finished building: Encoder_F4.list
 
15:40:15 **** Incremental Build of configuration Debug for project Encoder_F4 ****
make -j12 all 
arm-none-eabi-size   Encoder_F4.elf 
   text	   data	    bss	    dec	    hex	filename
  15272	     20	   1892	  17184	   4320	Encoder_F4.elf
Finished building: default.size.stdout
 
15:45:25 **** Incremental Build of configuration Debug for project Encoder_F4 ****
make -j12 all 
arm-none-eabi-gcc "../Core/Src/main.c" -mcpu=cortex-m4 -std=gnu11 -g3 -DDEBUG -DUSE_HAL_DRIVER -DSTM32F407xx -c -I../Core/Inc -I../Drivers/STM32F4xx_HAL_Driver/Inc -I../Drivers/STM32F4xx_HAL_Driver/Inc/Legacy -I../Drivers/CMSIS/Device/ST/STM32F4xx/Include -I../Drivers/CMSIS/Include -O0 -ffunction-sections -fdata-sections -Wall -fstack-usage -fcyclomatic-complexity -MMD -MP -MF"Core/Src/main.d" -MT"Core/Src/main.o" --specs=nano.specs -mfpu=fpv4-sp-d16 -mfloat-abi=hard -mthumb -o "Core/Src/main.o"
arm-none-eabi-gcc -o "Encoder_F4.elf" @"objects.list"   -mcpu=cortex-m4 -T"C:\Users\MrDhrumil\Desktop\DIC\Embe Dic Intern\Testing Code\Encoder_F4\STM32F407VGTX_FLASH.ld" --specs=nosys.specs -Wl,-Map="Encoder_F4.map" -Wl,--gc-sections -static --specs=nano.specs -mfpu=fpv4-sp-d16 -mfloat-abi=hard -mthumb -Wl,--start-group -lc -lm -Wl,--end-group
Finished building target: Encoder_F4.elf
 
arm-none-eabi-size   Encoder_F4.elf 
arm-none-eabi-objdump -h -S  Encoder_F4.elf  > "Encoder_F4.list"
   text	   data	    bss	    dec	    hex	filename
  15176	     20	   1892	  17088	   42c0	Encoder_F4.elf
Finished building: default.size.stdout
 
Finished building: Encoder_F4.list
 
15:48:17 **** Incremental Build of configuration Debug for project Encoder_F4 ****
make -j12 all 
arm-none-eabi-gcc "../Core/Src/main.c" -mcpu=cortex-m4 -std=gnu11 -g3 -DDEBUG -DUSE_HAL_DRIVER -DSTM32F407xx -c -I../Core/Inc -I../Drivers/STM32F4xx_HAL_Driver/Inc -I../Drivers/STM32F4xx_HAL_Driver/Inc/Legacy -I../Drivers/CMSIS/Device/ST/STM32F4xx/Include -I../Drivers/CMSIS/Include -O0 -ffunction-sections -fdata-sections -Wall -fstack-usage -fcyclomatic-complexity -MMD -MP -MF"Core/Src/main.d" -MT"Core/Src/main.o" --specs=nano.specs -mfpu=fpv4-sp-d16 -mfloat-abi=hard -mthumb -o "Core/Src/main.o"
arm-none-eabi-gcc -o "Encoder_F4.elf" @"objects.list"   -mcpu=cortex-m4 -T"C:\Users\MrDhrumil\Desktop\DIC\Embe Dic Intern\Testing Code\Encoder_F4\STM32F407VGTX_FLASH.ld" --specs=nosys.specs -Wl,-Map="Encoder_F4.map" -Wl,--gc-sections -static --specs=nano.specs -mfpu=fpv4-sp-d16 -mfloat-abi=hard -mthumb -Wl,--start-group -lc -lm -Wl,--end-group
Finished building target: Encoder_F4.elf
 
arm-none-eabi-size   Encoder_F4.elf 
arm-none-eabi-objdump -h -S  Encoder_F4.elf  > "Encoder_F4.list"
   text	   data	    bss	    dec	    hex	filename
  14436	     28	   1892	  16356	   3fe4	Encoder_F4.elf
Finished building: default.size.stdout
 
Finished building: Encoder_F4.list
 
15:49:07 **** Incremental Build of configuration Debug for project Encoder_F4 ****
make -j12 all 
arm-none-eabi-gcc "../Core/Src/main.c" -mcpu=cortex-m4 -std=gnu11 -g3 -DDEBUG -DUSE_HAL_DRIVER -DSTM32F407xx -c -I../Core/Inc -I../Drivers/STM32F4xx_HAL_Driver/Inc -I../Drivers/STM32F4xx_HAL_Driver/Inc/Legacy -I../Drivers/CMSIS/Device/ST/STM32F4xx/Include -I../Drivers/CMSIS/Include -O0 -ffunction-sections -fdata-sections -Wall -fstack-usage -fcyclomatic-complexity -MMD -MP -MF"Core/Src/main.d" -MT"Core/Src/main.o" --specs=nano.specs -mfpu=fpv4-sp-d16 -mfloat-abi=hard -mthumb -o "Core/Src/main.o"
arm-none-eabi-gcc -o "Encoder_F4.elf" @"objects.list"   -mcpu=cortex-m4 -T"C:\Users\MrDhrumil\Desktop\DIC\Embe Dic Intern\Testing Code\Encoder_F4\STM32F407VGTX_FLASH.ld" --specs=nosys.specs -Wl,-Map="Encoder_F4.map" -Wl,--gc-sections -static --specs=nano.specs -mfpu=fpv4-sp-d16 -mfloat-abi=hard -mthumb -Wl,--start-group -lc -lm -Wl,--end-group
Finished building target: Encoder_F4.elf
 
arm-none-eabi-size   Encoder_F4.elf 
arm-none-eabi-objdump -h -S  Encoder_F4.elf  > "Encoder_F4.list"
   text	   data	    bss	    dec	    hex	filename
  14524	     28	   1892	  16444	   403c	Encoder_F4.elf
Finished building: default.size.stdout
 
Finished building: Encoder_F4.list
 
15:51:30 **** Incremental Build of configuration Debug for project Encoder_F4 ****
make -j12 all 
arm-none-eabi-gcc "../Core/Src/main.c" -mcpu=cortex-m4 -std=gnu11 -g3 -DDEBUG -DUSE_HAL_DRIVER -DSTM32F407xx -c -I../Core/Inc -I../Drivers/STM32F4xx_HAL_Driver/Inc -I../Drivers/STM32F4xx_HAL_Driver/Inc/Legacy -I../Drivers/CMSIS/Device/ST/STM32F4xx/Include -I../Drivers/CMSIS/Include -O0 -ffunction-sections -fdata-sections -Wall -fstack-usage -fcyclomatic-complexity -MMD -MP -MF"Core/Src/main.d" -MT"Core/Src/main.o" --specs=nano.specs -mfpu=fpv4-sp-d16 -mfloat-abi=hard -mthumb -o "Core/Src/main.o"
arm-none-eabi-gcc -o "Encoder_F4.elf" @"objects.list"   -mcpu=cortex-m4 -T"C:\Users\MrDhrumil\Desktop\DIC\Embe Dic Intern\Testing Code\Encoder_F4\STM32F407VGTX_FLASH.ld" --specs=nosys.specs -Wl,-Map="Encoder_F4.map" -Wl,--gc-sections -static --specs=nano.specs -mfpu=fpv4-sp-d16 -mfloat-abi=hard -mthumb -Wl,--start-group -lc -lm -Wl,--end-group
Finished building target: Encoder_F4.elf
 
arm-none-eabi-size   Encoder_F4.elf 
arm-none-eabi-objdump -h -S  Encoder_F4.elf  > "Encoder_F4.list"
   text	   data	    bss	    dec	    hex	filename
  14516	     28	   1892	  16436	   4034	Encoder_F4.elf
Finished building: default.size.stdout
 
Finished building: Encoder_F4.list
 
15:51:33 **** Incremental Build of configuration Debug for project Encoder_F4 ****
make -j12 all 
arm-none-eabi-size   Encoder_F4.elf 
   text	   data	    bss	    dec	    hex	filename
  14516	     28	   1892	  16436	   4034	Encoder_F4.elf
Finished building: default.size.stdout
 
16:14:08 **** Incremental Build of configuration Debug for project Encoder_F4 ****
make -j12 all 
arm-none-eabi-gcc "../Core/Src/main.c" -mcpu=cortex-m4 -std=gnu11 -g3 -DDEBUG -DUSE_HAL_DRIVER -DSTM32F407xx -c -I../Core/Inc -I../Drivers/STM32F4xx_HAL_Driver/Inc -I../Drivers/STM32F4xx_HAL_Driver/Inc/Legacy -I../Drivers/CMSIS/Device/ST/STM32F4xx/Include -I../Drivers/CMSIS/Include -O0 -ffunction-sections -fdata-sections -Wall -fstack-usage -fcyclomatic-complexity -MMD -MP -MF"Core/Src/main.d" -MT"Core/Src/main.o" --specs=nano.specs -mfpu=fpv4-sp-d16 -mfloat-abi=hard -mthumb -o "Core/Src/main.o"
arm-none-eabi-gcc -o "Encoder_F4.elf" @"objects.list"   -mcpu=cortex-m4 -T"C:\Users\MrDhrumil\Desktop\DIC\Embe Dic Intern\Testing Code\Encoder_F4\STM32F407VGTX_FLASH.ld" --specs=nosys.specs -Wl,-Map="Encoder_F4.map" -Wl,--gc-sections -static --specs=nano.specs -mfpu=fpv4-sp-d16 -mfloat-abi=hard -mthumb -Wl,--start-group -lc -lm -Wl,--end-group
Finished building target: Encoder_F4.elf
 
arm-none-eabi-size   Encoder_F4.elf 
arm-none-eabi-objdump -h -S  Encoder_F4.elf  > "Encoder_F4.list"
   text	   data	    bss	    dec	    hex	filename
  14516	     28	   1892	  16436	   4034	Encoder_F4.elf
Finished building: default.size.stdout
 
Finished building: Encoder_F4.list
 
16:26:04 **** Incremental Build of configuration Debug for project Encoder_F4 ****
make -j12 all 
arm-none-eabi-gcc "../Core/Src/main.c" -mcpu=cortex-m4 -std=gnu11 -g3 -DDEBUG -DUSE_HAL_DRIVER -DSTM32F407xx -c -I../Core/Inc -I../Drivers/STM32F4xx_HAL_Driver/Inc -I../Drivers/STM32F4xx_HAL_Driver/Inc/Legacy -I../Drivers/CMSIS/Device/ST/STM32F4xx/Include -I../Drivers/CMSIS/Include -O0 -ffunction-sections -fdata-sections -Wall -fstack-usage -fcyclomatic-complexity -MMD -MP -MF"Core/Src/main.d" -MT"Core/Src/main.o" --specs=nano.specs -mfpu=fpv4-sp-d16 -mfloat-abi=hard -mthumb -o "Core/Src/main.o"
arm-none-eabi-gcc -o "Encoder_F4.elf" @"objects.list"   -mcpu=cortex-m4 -T"C:\Users\MrDhrumil\Desktop\DIC\Embe Dic Intern\Testing Code\Encoder_F4\STM32F407VGTX_FLASH.ld" --specs=nosys.specs -Wl,-Map="Encoder_F4.map" -Wl,--gc-sections -static --specs=nano.specs -mfpu=fpv4-sp-d16 -mfloat-abi=hard -mthumb -Wl,--start-group -lc -lm -Wl,--end-group
Finished building target: Encoder_F4.elf
 
arm-none-eabi-size   Encoder_F4.elf 
arm-none-eabi-objdump -h -S  Encoder_F4.elf  > "Encoder_F4.list"
   text	   data	    bss	    dec	    hex	filename
  14456	     24	   1888	  16368	   3ff0	Encoder_F4.elf
Finished building: default.size.stdout
 
Finished building: Encoder_F4.list
 
16:27:26 **** Incremental Build of configuration Debug for project Encoder_F4 ****
make -j12 all 
arm-none-eabi-size   Encoder_F4.elf 
   text	   data	    bss	    dec	    hex	filename
  14456	     24	   1888	  16368	   3ff0	Encoder_F4.elf
Finished building: default.size.stdout
 
16:29:23 **** Incremental Build of configuration Debug for project Encoder_F4 ****
make -j12 all 
arm-none-eabi-gcc "../Core/Src/main.c" -mcpu=cortex-m4 -std=gnu11 -g3 -DDEBUG -DUSE_HAL_DRIVER -DSTM32F407xx -c -I../Core/Inc -I../Drivers/STM32F4xx_HAL_Driver/Inc -I../Drivers/STM32F4xx_HAL_Driver/Inc/Legacy -I../Drivers/CMSIS/Device/ST/STM32F4xx/Include -I../Drivers/CMSIS/Include -O0 -ffunction-sections -fdata-sections -Wall -fstack-usage -fcyclomatic-complexity -MMD -MP -MF"Core/Src/main.d" -MT"Core/Src/main.o" --specs=nano.specs -mfpu=fpv4-sp-d16 -mfloat-abi=hard -mthumb -o "Core/Src/main.o"
arm-none-eabi-gcc -o "Encoder_F4.elf" @"objects.list"   -mcpu=cortex-m4 -T"C:\Users\MrDhrumil\Desktop\DIC\Embe Dic Intern\Testing Code\Encoder_F4\STM32F407VGTX_FLASH.ld" --specs=nosys.specs -Wl,-Map="Encoder_F4.map" -Wl,--gc-sections -static --specs=nano.specs -mfpu=fpv4-sp-d16 -mfloat-abi=hard -mthumb -Wl,--start-group -lc -lm -Wl,--end-group
Finished building target: Encoder_F4.elf
 
arm-none-eabi-size   Encoder_F4.elf 
arm-none-eabi-objdump -h -S  Encoder_F4.elf  > "Encoder_F4.list"
   text	   data	    bss	    dec	    hex	filename
  14452	     24	   1888	  16364	   3fec	Encoder_F4.elf
Finished building: default.size.stdout
 
Finished building: Encoder_F4.list
 
16:30:23 **** Incremental Build of configuration Debug for project Encoder_F4 ****
make -j12 all 
arm-none-eabi-gcc "../Core/Src/main.c" -mcpu=cortex-m4 -std=gnu11 -g3 -DDEBUG -DUSE_HAL_DRIVER -DSTM32F407xx -c -I../Core/Inc -I../Drivers/STM32F4xx_HAL_Driver/Inc -I../Drivers/STM32F4xx_HAL_Driver/Inc/Legacy -I../Drivers/CMSIS/Device/ST/STM32F4xx/Include -I../Drivers/CMSIS/Include -O0 -ffunction-sections -fdata-sections -Wall -fstack-usage -fcyclomatic-complexity -MMD -MP -MF"Core/Src/main.d" -MT"Core/Src/main.o" --specs=nano.specs -mfpu=fpv4-sp-d16 -mfloat-abi=hard -mthumb -o "Core/Src/main.o"
arm-none-eabi-gcc -o "Encoder_F4.elf" @"objects.list"   -mcpu=cortex-m4 -T"C:\Users\MrDhrumil\Desktop\DIC\Embe Dic Intern\Testing Code\Encoder_F4\STM32F407VGTX_FLASH.ld" --specs=nosys.specs -Wl,-Map="Encoder_F4.map" -Wl,--gc-sections -static --specs=nano.specs -mfpu=fpv4-sp-d16 -mfloat-abi=hard -mthumb -Wl,--start-group -lc -lm -Wl,--end-group
Finished building target: Encoder_F4.elf
 
arm-none-eabi-size   Encoder_F4.elf 
arm-none-eabi-objdump -h -S  Encoder_F4.elf  > "Encoder_F4.list"
   text	   data	    bss	    dec	    hex	filename
  14452	     24	   1888	  16364	   3fec	Encoder_F4.elf
Finished building: default.size.stdout
 
Finished building: Encoder_F4.list
 
16:40:39 **** Incremental Build of configuration Debug for project Encoder_F4 ****
make -j12 all 
arm-none-eabi-gcc "../Core/Src/main.c" -mcpu=cortex-m4 -std=gnu11 -g3 -DDEBUG -DUSE_HAL_DRIVER -DSTM32F407xx -c -I../Core/Inc -I../Drivers/STM32F4xx_HAL_Driver/Inc -I../Drivers/STM32F4xx_HAL_Driver/Inc/Legacy -I../Drivers/CMSIS/Device/ST/STM32F4xx/Include -I../Drivers/CMSIS/Include -O0 -ffunction-sections -fdata-sections -Wall -fstack-usage -fcyclomatic-complexity -MMD -MP -MF"Core/Src/main.d" -MT"Core/Src/main.o" --specs=nano.specs -mfpu=fpv4-sp-d16 -mfloat-abi=hard -mthumb -o "Core/Src/main.o"
arm-none-eabi-gcc -o "Encoder_F4.elf" @"objects.list"   -mcpu=cortex-m4 -T"C:\Users\MrDhrumil\Desktop\DIC\Embe Dic Intern\Testing Code\Encoder_F4\STM32F407VGTX_FLASH.ld" --specs=nosys.specs -Wl,-Map="Encoder_F4.map" -Wl,--gc-sections -static --specs=nano.specs -mfpu=fpv4-sp-d16 -mfloat-abi=hard -mthumb -Wl,--start-group -lc -lm -Wl,--end-group
Finished building target: Encoder_F4.elf
 
arm-none-eabi-size   Encoder_F4.elf 
arm-none-eabi-objdump -h -S  Encoder_F4.elf  > "Encoder_F4.list"
   text	   data	    bss	    dec	    hex	filename
  14468	     20	   1892	  16380	   3ffc	Encoder_F4.elf
Finished building: default.size.stdout
 
Finished building: Encoder_F4.list
 
16:43:22 **** Incremental Build of configuration Debug for project Encoder_F4 ****
make -j12 all 
arm-none-eabi-gcc "../Core/Src/main.c" -mcpu=cortex-m4 -std=gnu11 -g3 -DDEBUG -DUSE_HAL_DRIVER -DSTM32F407xx -c -I../Core/Inc -I../Drivers/STM32F4xx_HAL_Driver/Inc -I../Drivers/STM32F4xx_HAL_Driver/Inc/Legacy -I../Drivers/CMSIS/Device/ST/STM32F4xx/Include -I../Drivers/CMSIS/Include -O0 -ffunction-sections -fdata-sections -Wall -fstack-usage -fcyclomatic-complexity -MMD -MP -MF"Core/Src/main.d" -MT"Core/Src/main.o" --specs=nano.specs -mfpu=fpv4-sp-d16 -mfloat-abi=hard -mthumb -o "Core/Src/main.o"
arm-none-eabi-gcc -o "Encoder_F4.elf" @"objects.list"   -mcpu=cortex-m4 -T"C:\Users\MrDhrumil\Desktop\DIC\Embe Dic Intern\Testing Code\Encoder_F4\STM32F407VGTX_FLASH.ld" --specs=nosys.specs -Wl,-Map="Encoder_F4.map" -Wl,--gc-sections -static --specs=nano.specs -mfpu=fpv4-sp-d16 -mfloat-abi=hard -mthumb -Wl,--start-group -lc -lm -Wl,--end-group
Finished building target: Encoder_F4.elf
 
arm-none-eabi-size   Encoder_F4.elf 
arm-none-eabi-objdump -h -S  Encoder_F4.elf  > "Encoder_F4.list"
   text	   data	    bss	    dec	    hex	filename
  14492	     20	   1892	  16404	   4014	Encoder_F4.elf
Finished building: default.size.stdout
 
Finished building: Encoder_F4.list
 
16:43:52 **** Incremental Build of configuration Debug for project Encoder_F4 ****
make -j12 all 
arm-none-eabi-gcc "../Core/Src/main.c" -mcpu=cortex-m4 -std=gnu11 -g3 -DDEBUG -DUSE_HAL_DRIVER -DSTM32F407xx -c -I../Core/Inc -I../Drivers/STM32F4xx_HAL_Driver/Inc -I../Drivers/STM32F4xx_HAL_Driver/Inc/Legacy -I../Drivers/CMSIS/Device/ST/STM32F4xx/Include -I../Drivers/CMSIS/Include -O0 -ffunction-sections -fdata-sections -Wall -fstack-usage -fcyclomatic-complexity -MMD -MP -MF"Core/Src/main.d" -MT"Core/Src/main.o" --specs=nano.specs -mfpu=fpv4-sp-d16 -mfloat-abi=hard -mthumb -o "Core/Src/main.o"
arm-none-eabi-gcc -o "Encoder_F4.elf" @"objects.list"   -mcpu=cortex-m4 -T"C:\Users\MrDhrumil\Desktop\DIC\Embe Dic Intern\Testing Code\Encoder_F4\STM32F407VGTX_FLASH.ld" --specs=nosys.specs -Wl,-Map="Encoder_F4.map" -Wl,--gc-sections -static --specs=nano.specs -mfpu=fpv4-sp-d16 -mfloat-abi=hard -mthumb -Wl,--start-group -lc -lm -Wl,--end-group
Finished building target: Encoder_F4.elf
 
arm-none-eabi-size   Encoder_F4.elf 
arm-none-eabi-objdump -h -S  Encoder_F4.elf  > "Encoder_F4.list"
   text	   data	    bss	    dec	    hex	filename
  14504	     20	   1892	  16416	   4020	Encoder_F4.elf
Finished building: default.size.stdout
 
Finished building: Encoder_F4.list
 
16:43:55 **** Incremental Build of configuration Debug for project Encoder_F4 ****
make -j12 all 
arm-none-eabi-size   Encoder_F4.elf 
   text	   data	    bss	    dec	    hex	filename
  14504	     20	   1892	  16416	   4020	Encoder_F4.elf
Finished building: default.size.stdout
 
16:47:32 **** Incremental Build of configuration Debug for project Encoder_F4 ****
make -j12 all 
arm-none-eabi-gcc "../Core/Src/main.c" -mcpu=cortex-m4 -std=gnu11 -g3 -DDEBUG -DUSE_HAL_DRIVER -DSTM32F407xx -c -I../Core/Inc -I../Drivers/STM32F4xx_HAL_Driver/Inc -I../Drivers/STM32F4xx_HAL_Driver/Inc/Legacy -I../Drivers/CMSIS/Device/ST/STM32F4xx/Include -I../Drivers/CMSIS/Include -O0 -ffunction-sections -fdata-sections -Wall -fstack-usage -fcyclomatic-complexity -MMD -MP -MF"Core/Src/main.d" -MT"Core/Src/main.o" --specs=nano.specs -mfpu=fpv4-sp-d16 -mfloat-abi=hard -mthumb -o "Core/Src/main.o"
arm-none-eabi-gcc -o "Encoder_F4.elf" @"objects.list"   -mcpu=cortex-m4 -T"C:\Users\MrDhrumil\Desktop\DIC\Embe Dic Intern\Testing Code\Encoder_F4\STM32F407VGTX_FLASH.ld" --specs=nosys.specs -Wl,-Map="Encoder_F4.map" -Wl,--gc-sections -static --specs=nano.specs -mfpu=fpv4-sp-d16 -mfloat-abi=hard -mthumb -Wl,--start-group -lc -lm -Wl,--end-group
Finished building target: Encoder_F4.elf
 
arm-none-eabi-size   Encoder_F4.elf 
arm-none-eabi-objdump -h -S  Encoder_F4.elf  > "Encoder_F4.list"
   text	   data	    bss	    dec	    hex	filename
  14508	     20	   1892	  16420	   4024	Encoder_F4.elf
Finished building: default.size.stdout
 
Finished building: Encoder_F4.list
 
16:48:56 **** Incremental Build of configuration Debug for project Encoder_F4 ****
make -j12 all 
arm-none-eabi-gcc "../Core/Src/main.c" -mcpu=cortex-m4 -std=gnu11 -g3 -DDEBUG -DUSE_HAL_DRIVER -DSTM32F407xx -c -I../Core/Inc -I../Drivers/STM32F4xx_HAL_Driver/Inc -I../Drivers/STM32F4xx_HAL_Driver/Inc/Legacy -I../Drivers/CMSIS/Device/ST/STM32F4xx/Include -I../Drivers/CMSIS/Include -O0 -ffunction-sections -fdata-sections -Wall -fstack-usage -fcyclomatic-complexity -MMD -MP -MF"Core/Src/main.d" -MT"Core/Src/main.o" --specs=nano.specs -mfpu=fpv4-sp-d16 -mfloat-abi=hard -mthumb -o "Core/Src/main.o"
arm-none-eabi-gcc -o "Encoder_F4.elf" @"objects.list"   -mcpu=cortex-m4 -T"C:\Users\MrDhrumil\Desktop\DIC\Embe Dic Intern\Testing Code\Encoder_F4\STM32F407VGTX_FLASH.ld" --specs=nosys.specs -Wl,-Map="Encoder_F4.map" -Wl,--gc-sections -static --specs=nano.specs -mfpu=fpv4-sp-d16 -mfloat-abi=hard -mthumb -Wl,--start-group -lc -lm -Wl,--end-group
Finished building target: Encoder_F4.elf
 
arm-none-eabi-size   Encoder_F4.elf 
arm-none-eabi-objdump -h -S  Encoder_F4.elf  > "Encoder_F4.list"
   text	   data	    bss	    dec	    hex	filename
  14508	     20	   1892	  16420	   4024	Encoder_F4.elf
Finished building: default.size.stdout
 
Finished building: Encoder_F4.list
 
16:49:18 **** Incremental Build of configuration Debug for project Encoder_F4 ****
make -j12 all 
arm-none-eabi-size   Encoder_F4.elf 
   text	   data	    bss	    dec	    hex	filename
  14508	     20	   1892	  16420	   4024	Encoder_F4.elf
Finished building: default.size.stdout
 
16:51:52 **** Incremental Build of configuration Debug for project Encoder_F4 ****
make -j12 all 
arm-none-eabi-gcc "../Core/Src/main.c" -mcpu=cortex-m4 -std=gnu11 -g3 -DDEBUG -DUSE_HAL_DRIVER -DSTM32F407xx -c -I../Core/Inc -I../Drivers/STM32F4xx_HAL_Driver/Inc -I../Drivers/STM32F4xx_HAL_Driver/Inc/Legacy -I../Drivers/CMSIS/Device/ST/STM32F4xx/Include -I../Drivers/CMSIS/Include -O0 -ffunction-sections -fdata-sections -Wall -fstack-usage -fcyclomatic-complexity -MMD -MP -MF"Core/Src/main.d" -MT"Core/Src/main.o" --specs=nano.specs -mfpu=fpv4-sp-d16 -mfloat-abi=hard -mthumb -o "Core/Src/main.o"
arm-none-eabi-gcc -o "Encoder_F4.elf" @"objects.list"   -mcpu=cortex-m4 -T"C:\Users\MrDhrumil\Desktop\DIC\Embe Dic Intern\Testing Code\Encoder_F4\STM32F407VGTX_FLASH.ld" --specs=nosys.specs -Wl,-Map="Encoder_F4.map" -Wl,--gc-sections -static --specs=nano.specs -mfpu=fpv4-sp-d16 -mfloat-abi=hard -mthumb -Wl,--start-group -lc -lm -Wl,--end-group
Finished building target: Encoder_F4.elf
 
arm-none-eabi-size   Encoder_F4.elf 
arm-none-eabi-objdump -h -S  Encoder_F4.elf  > "Encoder_F4.list"
   text	   data	    bss	    dec	    hex	filename
  14500	     20	   1892	  16412	   401c	Encoder_F4.elf
Finished building: default.size.stdout
 
Finished building: Encoder_F4.list
 
16:54:01 **** Incremental Build of configuration Debug for project Encoder_F4 ****
make -j12 all 
arm-none-eabi-gcc "../Core/Src/main.c" -mcpu=cortex-m4 -std=gnu11 -g3 -DDEBUG -DUSE_HAL_DRIVER -DSTM32F407xx -c -I../Core/Inc -I../Drivers/STM32F4xx_HAL_Driver/Inc -I../Drivers/STM32F4xx_HAL_Driver/Inc/Legacy -I../Drivers/CMSIS/Device/ST/STM32F4xx/Include -I../Drivers/CMSIS/Include -O0 -ffunction-sections -fdata-sections -Wall -fstack-usage -fcyclomatic-complexity -MMD -MP -MF"Core/Src/main.d" -MT"Core/Src/main.o" --specs=nano.specs -mfpu=fpv4-sp-d16 -mfloat-abi=hard -mthumb -o "Core/Src/main.o"
arm-none-eabi-gcc -o "Encoder_F4.elf" @"objects.list"   -mcpu=cortex-m4 -T"C:\Users\MrDhrumil\Desktop\DIC\Embe Dic Intern\Testing Code\Encoder_F4\STM32F407VGTX_FLASH.ld" --specs=nosys.specs -Wl,-Map="Encoder_F4.map" -Wl,--gc-sections -static --specs=nano.specs -mfpu=fpv4-sp-d16 -mfloat-abi=hard -mthumb -Wl,--start-group -lc -lm -Wl,--end-group
Finished building target: Encoder_F4.elf
 
arm-none-eabi-size   Encoder_F4.elf 
arm-none-eabi-objdump -h -S  Encoder_F4.elf  > "Encoder_F4.list"
   text	   data	    bss	    dec	    hex	filename
  14508	     20	   1892	  16420	   4024	Encoder_F4.elf
Finished building: default.size.stdout
 
Finished building: Encoder_F4.list
 
16:55:08 **** Incremental Build of configuration Debug for project Encoder_F4 ****
make -j12 all 
arm-none-eabi-size   Encoder_F4.elf 
   text	   data	    bss	    dec	    hex	filename
  14508	     20	   1892	  16420	   4024	Encoder_F4.elf
Finished building: default.size.stdout
 
16:57:52 **** Incremental Build of configuration Debug for project Encoder_F4 ****
make -j12 all 
arm-none-eabi-gcc "../Core/Src/main.c" -mcpu=cortex-m4 -std=gnu11 -g3 -DDEBUG -DUSE_HAL_DRIVER -DSTM32F407xx -c -I../Core/Inc -I../Drivers/STM32F4xx_HAL_Driver/Inc -I../Drivers/STM32F4xx_HAL_Driver/Inc/Legacy -I../Drivers/CMSIS/Device/ST/STM32F4xx/Include -I../Drivers/CMSIS/Include -O0 -ffunction-sections -fdata-sections -Wall -fstack-usage -fcyclomatic-complexity -MMD -MP -MF"Core/Src/main.d" -MT"Core/Src/main.o" --specs=nano.specs -mfpu=fpv4-sp-d16 -mfloat-abi=hard -mthumb -o "Core/Src/main.o"
arm-none-eabi-gcc -o "Encoder_F4.elf" @"objects.list"   -mcpu=cortex-m4 -T"C:\Users\MrDhrumil\Desktop\DIC\Embe Dic Intern\Testing Code\Encoder_F4\STM32F407VGTX_FLASH.ld" --specs=nosys.specs -Wl,-Map="Encoder_F4.map" -Wl,--gc-sections -static --specs=nano.specs -mfpu=fpv4-sp-d16 -mfloat-abi=hard -mthumb -Wl,--start-group -lc -lm -Wl,--end-group
Finished building target: Encoder_F4.elf
 
arm-none-eabi-size   Encoder_F4.elf 
arm-none-eabi-objdump -h -S  Encoder_F4.elf  > "Encoder_F4.list"
   text	   data	    bss	    dec	    hex	filename
  14588	     20	   1892	  16500	   4074	Encoder_F4.elf
Finished building: default.size.stdout
 
Finished building: Encoder_F4.list
 
16:57:55 **** Incremental Build of configuration Debug for project Encoder_F4 ****
make -j12 all 
arm-none-eabi-size   Encoder_F4.elf 
   text	   data	    bss	    dec	    hex	filename
  14588	     20	   1892	  16500	   4074	Encoder_F4.elf
Finished building: default.size.stdout
 
16:59:42 **** Incremental Build of configuration Debug for project Encoder_F4 ****
make -j12 all 
arm-none-eabi-gcc "../Core/Src/main.c" -mcpu=cortex-m4 -std=gnu11 -g3 -DDEBUG -DUSE_HAL_DRIVER -DSTM32F407xx -c -I../Core/Inc -I../Drivers/STM32F4xx_HAL_Driver/Inc -I../Drivers/STM32F4xx_HAL_Driver/Inc/Legacy -I../Drivers/CMSIS/Device/ST/STM32F4xx/Include -I../Drivers/CMSIS/Include -O0 -ffunction-sections -fdata-sections -Wall -fstack-usage -fcyclomatic-complexity -MMD -MP -MF"Core/Src/main.d" -MT"Core/Src/main.o" --specs=nano.specs -mfpu=fpv4-sp-d16 -mfloat-abi=hard -mthumb -o "Core/Src/main.o"
arm-none-eabi-gcc -o "Encoder_F4.elf" @"objects.list"   -mcpu=cortex-m4 -T"C:\Users\MrDhrumil\Desktop\DIC\Embe Dic Intern\Testing Code\Encoder_F4\STM32F407VGTX_FLASH.ld" --specs=nosys.specs -Wl,-Map="Encoder_F4.map" -Wl,--gc-sections -static --specs=nano.specs -mfpu=fpv4-sp-d16 -mfloat-abi=hard -mthumb -Wl,--start-group -lc -lm -Wl,--end-group
Finished building target: Encoder_F4.elf
 
arm-none-eabi-size   Encoder_F4.elf 
arm-none-eabi-objdump -h -S  Encoder_F4.elf  > "Encoder_F4.list"
   text	   data	    bss	    dec	    hex	filename
  14588	     20	   1892	  16500	   4074	Encoder_F4.elf
Finished building: default.size.stdout
 
Finished building: Encoder_F4.list
 
17:04:20 **** Incremental Build of configuration Debug for project Encoder_F4 ****
make -j12 all 
arm-none-eabi-gcc "../Core/Src/main.c" -mcpu=cortex-m4 -std=gnu11 -g3 -DDEBUG -DUSE_HAL_DRIVER -DSTM32F407xx -c -I../Core/Inc -I../Drivers/STM32F4xx_HAL_Driver/Inc -I../Drivers/STM32F4xx_HAL_Driver/Inc/Legacy -I../Drivers/CMSIS/Device/ST/STM32F4xx/Include -I../Drivers/CMSIS/Include -O0 -ffunction-sections -fdata-sections -Wall -fstack-usage -fcyclomatic-complexity -MMD -MP -MF"Core/Src/main.d" -MT"Core/Src/main.o" --specs=nano.specs -mfpu=fpv4-sp-d16 -mfloat-abi=hard -mthumb -o "Core/Src/main.o"
arm-none-eabi-gcc -o "Encoder_F4.elf" @"objects.list"   -mcpu=cortex-m4 -T"C:\Users\MrDhrumil\Desktop\DIC\Embe Dic Intern\Testing Code\Encoder_F4\STM32F407VGTX_FLASH.ld" --specs=nosys.specs -Wl,-Map="Encoder_F4.map" -Wl,--gc-sections -static --specs=nano.specs -mfpu=fpv4-sp-d16 -mfloat-abi=hard -mthumb -Wl,--start-group -lc -lm -Wl,--end-group
Finished building target: Encoder_F4.elf
 
arm-none-eabi-size   Encoder_F4.elf 
arm-none-eabi-objdump -h -S  Encoder_F4.elf  > "Encoder_F4.list"
   text	   data	    bss	    dec	    hex	filename
  14596	     20	   1892	  16508	   407c	Encoder_F4.elf
Finished building: default.size.stdout
 
Finished building: Encoder_F4.list
 
18:23:44 **** Incremental Build of configuration Debug for project Encoder_F4 ****
make -j12 all 
arm-none-eabi-gcc "../Core/Src/main.c" -mcpu=cortex-m4 -std=gnu11 -g3 -DDEBUG -DUSE_HAL_DRIVER -DSTM32F407xx -c -I../Core/Inc -I../Drivers/STM32F4xx_HAL_Driver/Inc -I../Drivers/STM32F4xx_HAL_Driver/Inc/Legacy -I../Drivers/CMSIS/Device/ST/STM32F4xx/Include -I../Drivers/CMSIS/Include -O0 -ffunction-sections -fdata-sections -Wall -fstack-usage -fcyclomatic-complexity -MMD -MP -MF"Core/Src/main.d" -MT"Core/Src/main.o" --specs=nano.specs -mfpu=fpv4-sp-d16 -mfloat-abi=hard -mthumb -o "Core/Src/main.o"
arm-none-eabi-gcc -o "Encoder_F4.elf" @"objects.list"   -mcpu=cortex-m4 -T"C:\Users\MrDhrumil\Desktop\DIC\Embe Dic Intern\Testing Code\Encoder_F4\STM32F407VGTX_FLASH.ld" --specs=nosys.specs -Wl,-Map="Encoder_F4.map" -Wl,--gc-sections -static --specs=nano.specs -mfpu=fpv4-sp-d16 -mfloat-abi=hard -mthumb -Wl,--start-group -lc -lm -Wl,--end-group
Finished building target: Encoder_F4.elf
 
arm-none-eabi-size   Encoder_F4.elf 
arm-none-eabi-objdump -h -S  Encoder_F4.elf  > "Encoder_F4.list"
   text	   data	    bss	    dec	    hex	filename
  14596	     20	   1892	  16508	   407c	Encoder_F4.elf
Finished building: default.size.stdout
 
Finished building: Encoder_F4.list
 
18:32:08 **** Incremental Build of configuration Debug for project Encoder_F4 ****
make -j12 all 
arm-none-eabi-gcc "../Core/Src/main.c" -mcpu=cortex-m4 -std=gnu11 -g3 -DDEBUG -DUSE_HAL_DRIVER -DSTM32F407xx -c -I../Core/Inc -I../Drivers/STM32F4xx_HAL_Driver/Inc -I../Drivers/STM32F4xx_HAL_Driver/Inc/Legacy -I../Drivers/CMSIS/Device/ST/STM32F4xx/Include -I../Drivers/CMSIS/Include -O0 -ffunction-sections -fdata-sections -Wall -fstack-usage -fcyclomatic-complexity -MMD -MP -MF"Core/Src/main.d" -MT"Core/Src/main.o" --specs=nano.specs -mfpu=fpv4-sp-d16 -mfloat-abi=hard -mthumb -o "Core/Src/main.o"
arm-none-eabi-gcc -o "Encoder_F4.elf" @"objects.list"   -mcpu=cortex-m4 -T"C:\Users\MrDhrumil\Desktop\DIC\Embe Dic Intern\Testing Code\Encoder_F4\STM32F407VGTX_FLASH.ld" --specs=nosys.specs -Wl,-Map="Encoder_F4.map" -Wl,--gc-sections -static --specs=nano.specs -mfpu=fpv4-sp-d16 -mfloat-abi=hard -mthumb -Wl,--start-group -lc -lm -Wl,--end-group
Finished building target: Encoder_F4.elf
 
arm-none-eabi-size   Encoder_F4.elf 
arm-none-eabi-objdump -h -S  Encoder_F4.elf  > "Encoder_F4.list"
   text	   data	    bss	    dec	    hex	filename
  14588	     20	   1892	  16500	   4074	Encoder_F4.elf
Finished building: default.size.stdout
 
Finished building: Encoder_F4.list
 
