13:49:26 **** Incremental Build of configuration Release for project testproject ****
make -j12 all 
arm-none-eabi-gcc "../Core/Src/main.c" -mcpu=cortex-m4 -std=gnu11 -DUSE_HAL_DRIVER -DSTM32F407xx -c -I../USB_HOST/App -I../USB_HOST/Target -I../Core/Inc -I../Drivers/STM32F4xx_HAL_Driver/Inc -I../Drivers/STM32F4xx_HAL_Driver/Inc/Legacy -I../Middlewares/ST/STM32_USB_Host_Library/Core/Inc -I../Middlewares/ST/STM32_USB_Host_Library/Class/CDC/Inc -I../Drivers/CMSIS/Device/ST/STM32F4xx/Include -I../Drivers/CMSIS/Include -Os -ffunction-sections -fdata-sections -Wall -fstack-usage -fcyclomatic-complexity -MMD -MP -MF"Core/Src/main.d" -MT"Core/Src/main.o" --specs=nano.specs -mfpu=fpv4-sp-d16 -mfloat-abi=hard -mthumb -o "Core/Src/main.o"
arm-none-eabi-gcc -o "testproject.elf" @"objects.list"   -mcpu=cortex-m4 -T"C:\Users\MrDhrumil\Desktop\DIC\Embe Dic Intern\testproject\STM32F407VGTX_FLASH.ld" --specs=nosys.specs -Wl,-Map="testproject.map" -Wl,--gc-sections -static --specs=nano.specs -mfpu=fpv4-sp-d16 -mfloat-abi=hard -mthumb -Wl,--start-group -lc -lm -Wl,--end-group
Finished building target: testproject.elf
 
arm-none-eabi-size   testproject.elf 
arm-none-eabi-objdump -h -S  testproject.elf  > "testproject.list"
   text	   data	    bss	    dec	    hex	filename
  18360	    152	   3592	  22104	   5658	testproject.elf
Finished building: default.size.stdout
 
Finished building: testproject.list
 

13:49:27 Build Finished. 0 errors, 0 warnings. (took 1s.605ms)

